Archive member included to satisfy reference by file (symbol)

/Users/Lachlan/RIOT/examples/my_project/bin/arduino-uno/application_arduino_hello-world.a(_sketches.o)
                              /usr/local/Cellar/avr-gcc/8.3.0/lib/avr-gcc/8/gcc/avr/8.3.0/../../../../../../avr/lib/avr5/crtatmega328p.o (main)
/Users/Lachlan/RIOT/examples/my_project/bin/arduino-uno/arduino.a(base.o)
                              /Users/Lachlan/RIOT/examples/my_project/bin/arduino-uno/application_arduino_hello-world.a(_sketches.o) (delay(unsigned long))
/Users/Lachlan/RIOT/examples/my_project/bin/arduino-uno/arduino.a(serialport.o)
                              /Users/Lachlan/RIOT/examples/my_project/bin/arduino-uno/application_arduino_hello-world.a(_sketches.o) (SerialPort::SerialPort(unsigned int))
/Users/Lachlan/RIOT/examples/my_project/bin/arduino-uno/atmega_common.a(irq_arch.o)
                              /Users/Lachlan/RIOT/examples/my_project/bin/arduino-uno/arduino.a(serialport.o) (irq_disable)
/Users/Lachlan/RIOT/examples/my_project/bin/arduino-uno/atmega_common_periph.a(gpio.o)
                              /Users/Lachlan/RIOT/examples/my_project/bin/arduino-uno/arduino.a(base.o) (gpio_init)
/Users/Lachlan/RIOT/examples/my_project/bin/arduino-uno/atmega_common_periph.a(timer.o)
                              /Users/Lachlan/RIOT/examples/my_project/bin/arduino-uno/arduino.a(base.o) (timer_read)
/Users/Lachlan/RIOT/examples/my_project/bin/arduino-uno/atmega_common_periph.a(uart.o)
                              /Users/Lachlan/RIOT/examples/my_project/bin/arduino-uno/arduino.a(serialport.o) (uart_init)
/Users/Lachlan/RIOT/examples/my_project/bin/arduino-uno/boards_common_atmega.a(board.o)
                              /Users/Lachlan/RIOT/examples/my_project/bin/arduino-uno/atmega_common/startup.o (board_init)
/Users/Lachlan/RIOT/examples/my_project/bin/arduino-uno/core.a(kernel_init.o)
                              /Users/Lachlan/RIOT/examples/my_project/bin/arduino-uno/atmega_common/startup.o (kernel_init)
/Users/Lachlan/RIOT/examples/my_project/bin/arduino-uno/core.a(panic.o)
                              /Users/Lachlan/RIOT/examples/my_project/bin/arduino-uno/arduino.a(base.o) (core_panic)
/Users/Lachlan/RIOT/examples/my_project/bin/arduino-uno/core.a(ringbuffer.o)
                              /Users/Lachlan/RIOT/examples/my_project/bin/arduino-uno/arduino.a(serialport.o) (ringbuffer_add_one)
/Users/Lachlan/RIOT/examples/my_project/bin/arduino-uno/core.a(sched.o)
                              /Users/Lachlan/RIOT/examples/my_project/bin/arduino-uno/atmega_common_periph.a(timer.o) (sched_context_switch_request)
/Users/Lachlan/RIOT/examples/my_project/bin/arduino-uno/core.a(thread.o)
                              /Users/Lachlan/RIOT/examples/my_project/bin/arduino-uno/atmega_common_periph.a(timer.o) (thread_yield)
/Users/Lachlan/RIOT/examples/my_project/bin/arduino-uno/xtimer.a(xtimer.o)
                              /Users/Lachlan/RIOT/examples/my_project/bin/arduino-uno/arduino.a(base.o) (_xtimer_tsleep)
/Users/Lachlan/RIOT/examples/my_project/bin/arduino-uno/xtimer.a(xtimer_core.o)
                              /Users/Lachlan/RIOT/examples/my_project/bin/arduino-uno/arduino.a(base.o) (_xtimer_high_cnt)
/Users/Lachlan/RIOT/examples/my_project/bin/arduino-uno/periph_common.a(pm.o)
                              /Users/Lachlan/RIOT/examples/my_project/bin/arduino-uno/core.a(panic.o) (pm_off)
/Users/Lachlan/RIOT/examples/my_project/bin/arduino-uno/atmega_common.a(cpu.o)
                              /Users/Lachlan/RIOT/examples/my_project/bin/arduino-uno/boards_common_atmega.a(board.o) (cpu_init)
/Users/Lachlan/RIOT/examples/my_project/bin/arduino-uno/atmega_common.a(thread_arch.o)
                              /Users/Lachlan/RIOT/examples/my_project/bin/arduino-uno/core.a(thread.o) (thread_stack_init)
/Users/Lachlan/RIOT/examples/my_project/bin/arduino-uno/auto_init.a(auto_init.o)
                              /Users/Lachlan/RIOT/examples/my_project/bin/arduino-uno/core.a(kernel_init.o) (auto_init)
/Users/Lachlan/RIOT/examples/my_project/bin/arduino-uno/avr_libc_extra.a(atmega_stdio.o)
                              /Users/Lachlan/RIOT/examples/my_project/bin/arduino-uno/boards_common_atmega.a(board.o) (atmega_stdio_init)
/Users/Lachlan/RIOT/examples/my_project/bin/arduino-uno/boards_common_arduino-atmega.a(led_init.o)
                              /Users/Lachlan/RIOT/examples/my_project/bin/arduino-uno/boards_common_atmega.a(board.o) (led_init)
/Users/Lachlan/RIOT/examples/my_project/bin/arduino-uno/core.a(mutex.o)
                              /Users/Lachlan/RIOT/examples/my_project/bin/arduino-uno/xtimer.a(xtimer.o) (_mutex_lock)
/Users/Lachlan/RIOT/examples/my_project/bin/arduino-uno/core.a(msg.o)
                              /Users/Lachlan/RIOT/examples/my_project/bin/arduino-uno/xtimer.a(xtimer.o) (msg_send_int)
/Users/Lachlan/RIOT/examples/my_project/bin/arduino-uno/div.a(div.o)
[...]
Memory Configuration

Name             Origin             Length             Attributes
text             0x0000000000000000 0x0000000000007e00 xr
data             0x0000000000800060 0x0000000000000800 rw !x
eeprom           0x0000000000810000 0x0000000000010000 rw !x
fuse             0x0000000000820000 0x0000000000000400 rw !x
lock             0x0000000000830000 0x0000000000000400 rw !x
signature        0x0000000000840000 0x0000000000000400 rw !x
user_signatures  0x0000000000850000 0x0000000000000400 rw !x
*default*        0x0000000000000000 0xffffffffffffffff

Linker script and memory map

Address of section .data set to 0x800100
LOAD /usr/local/Cellar/avr-gcc/8.3.0/lib/avr-gcc/8/gcc/avr/8.3.0/../../../../../../avr/lib/avr5/crtatmega328p.o
LOAD /Users/Lachlan/RIOT/examples/my_project/bin/arduino-uno/atmega_common/startup.o
START GROUP
LOAD /Users/Lachlan/RIOT/examples/my_project/bin/arduino-uno/application_arduino_hello-world.a
LOAD /Users/Lachlan/RIOT/examples/my_project/bin/arduino-uno/arduino.a
LOAD /Users/Lachlan/RIOT/examples/my_project/bin/arduino-uno/atmega_common.a
LOAD /Users/Lachlan/RIOT/examples/my_project/bin/arduino-uno/atmega_common_periph.a
LOAD /Users/Lachlan/RIOT/examples/my_project/bin/arduino-uno/auto_init.a
LOAD /Users/Lachlan/RIOT/examples/my_project/bin/arduino-uno/avr_libc_extra.a
LOAD /Users/Lachlan/RIOT/examples/my_project/bin/arduino-uno/board.a
LOAD /Users/Lachlan/RIOT/examples/my_project/bin/arduino-uno/boards_common_arduino-atmega.a
LOAD /Users/Lachlan/RIOT/examples/my_project/bin/arduino-uno/boards_common_atmega.a
LOAD /Users/Lachlan/RIOT/examples/my_project/bin/arduino-uno/core.a
LOAD /Users/Lachlan/RIOT/examples/my_project/bin/arduino-uno/cpu.a
LOAD /Users/Lachlan/RIOT/examples/my_project/bin/arduino-uno/div.a
LOAD /Users/Lachlan/RIOT/examples/my_project/bin/arduino-uno/isrpipe.a
LOAD /Users/Lachlan/RIOT/examples/my_project/bin/arduino-uno/stdio_uart.a
LOAD /Users/Lachlan/RIOT/examples/my_project/bin/arduino-uno/sys.a
LOAD /Users/Lachlan/RIOT/examples/my_project/bin/arduino-uno/tsrb.a
LOAD /Users/Lachlan/RIOT/examples/my_project/bin/arduino-uno/xtimer.a
LOAD /Users/Lachlan/RIOT/examples/my_project/bin/arduino-uno/periph_common.a
END GROUP
LOAD /usr/local/Cellar/avr-gcc/8.3.0/lib/avr-gcc/8/gcc/avr/8.3.0/avr5/libgcc.a
                0x0000000000007e00                __TEXT_REGION_LENGTH__ = 0x7e00
                0x0000000000000800                __DATA_REGION_LENGTH__ = 0x800
LOAD /usr/local/Cellar/avr-gcc/8.3.0/lib/avr-gcc/8/gcc/avr/8.3.0/avr5/libgcc.a
LOAD /usr/local/Cellar/avr-gcc/8.3.0/lib/avr-gcc/8/gcc/avr/8.3.0/../../../../../../avr/lib/avr5/libm.a
START GROUP
LOAD /usr/local/Cellar/avr-gcc/8.3.0/lib/avr-gcc/8/gcc/avr/8.3.0/avr5/libgcc.a
LOAD /usr/local/Cellar/avr-gcc/8.3.0/lib/avr-gcc/8/gcc/avr/8.3.0/../../../../../../avr/lib/avr5/libm.a
LOAD /usr/local/Cellar/avr-gcc/8.3.0/lib/avr-gcc/8/gcc/avr/8.3.0/../../../../../../avr/lib/avr5/libc.a
LOAD /usr/local/Cellar/avr-gcc/8.3.0/lib/avr-gcc/8/gcc/avr/8.3.0/../../../../../../avr/lib/avr5/libatmega328p.a
END GROUP
                0x0000000000020000                __TEXT_REGION_LENGTH__ = DEFINED (__TEXT_REGION_LENGTH__)?__TEXT_REGION_LENGTH__:0x20000
                0x000000000000ffa0                __DATA_REGION_LENGTH__ = DEFINED (__DATA_REGION_LENGTH__)?__DATA_REGION_LENGTH__:0xffa0
                0x0000000000010000                __EEPROM_REGION_LENGTH__ = DEFINED (__EEPROM_REGION_LENGTH__)?__EEPROM_REGION_LENGTH__:0x10000
                0x0000000000000400                __FUSE_REGION_LENGTH__ = DEFINED (__FUSE_REGION_LENGTH__)?__FUSE_REGION_LENGTH__:0x400
                0x0000000000000400                __LOCK_REGION_LENGTH__ = DEFINED (__LOCK_REGION_LENGTH__)?__LOCK_REGION_LENGTH__:0x400
                0x0000000000000400                __SIGNATURE_REGION_LENGTH__ = DEFINED (__SIGNATURE_REGION_LENGTH__)?__SIGNATURE_REGION_LENGTH__:0x400
                0x0000000000000400                __USER_SIGNATURE_REGION_LENGTH__ = DEFINED (__USER_SIGNATURE_REGION_LENGTH__)?__USER_SIGNATURE_REGION_LENGTH__:0x400

.hash
 *(.hash)

.dynsym
 *(.dynsym)

.dynstr
 *(.dynstr)

.gnu.version
 *(.gnu.version)

.gnu.version_d
 *(.gnu.version_d)

.gnu.version_r
 *(.gnu.version_r)

.rel.init
 *(.rel.init)

.rela.init
 *(.rela.init)

.rel.text
 *(.rel.text)
 *(.rel.text.*)
 *(.rel.gnu.linkonce.t*)

.rela.text
 *(.rela.text)
 *(.rela.text.*)
 *(.rela.gnu.linkonce.t*)

.rel.fini
 *(.rel.fini)

.rela.fini
 *(.rela.fini)

.rel.rodata
 *(.rel.rodata)
 *(.rel.rodata.*)
 *(.rel.gnu.linkonce.r*)

.rela.rodata
 *(.rela.rodata)
 *(.rela.rodata.*)
 *(.rela.gnu.linkonce.r*)

.rel.data
 *(.rel.data)
 *(.rel.data.*)
 *(.rel.gnu.linkonce.d*)

.rela.data
 *(.rela.data)
 *(.rela.data.*)
 *(.rela.gnu.linkonce.d*)

.rel.ctors
 *(.rel.ctors)

.rela.ctors
 *(.rela.ctors)

.rel.dtors
 *(.rel.dtors)

.rela.dtors
 *(.rela.dtors)

.rel.got
 *(.rel.got)

.rela.got
 *(.rela.got)

.rel.bss
 *(.rel.bss)

.rela.bss
 *(.rela.bss)

.rel.plt
 *(.rel.plt)

.rela.plt
 *(.rela.plt)

.text           0x0000000000000000     0x2112
 *(.vectors)
 .vectors       0x0000000000000000       0x68 /usr/local/Cellar/avr-gcc/8.3.0/lib/avr-gcc/8/gcc/avr/8.3.0/../../../../../../avr/lib/avr5/crtatmega328p.o
                0x0000000000000000                __vectors
 *(.vectors)
 *(.progmem.gcc*)
                0x0000000000000068                . = ALIGN (0x2)
                0x0000000000000068                __trampolines_start = .
 *(.trampolines)
 .trampolines   0x0000000000000068        0x0 linker stubs
 *(.trampolines*)
                0x0000000000000068                __trampolines_end = .
 *libprintf_flt.a:*(.progmem.data)
 *libc.a:*(.progmem.data)
 *(.progmem.*)
 .progmem.data.__c.1907
                0x0000000000000068       0x49 /Users/Lachlan/RIOT/examples/my_project/bin/arduino-uno/atmega_common.a(cpu.o)
                0x00000000000000b2                . = ALIGN (0x2)
 *fill*         0x00000000000000b1        0x1 
 *(.lowtext)
 *(.lowtext*)
                0x00000000000000b2                __ctors_start = .
 *(.ctors)
 .ctors         0x00000000000000b2        0x2 /Users/Lachlan/RIOT/examples/my_project/bin/arduino-uno/application_arduino_hello-world.a(_sketches.o)
 .ctors         0x00000000000000b4        0x2 /Users/Lachlan/RIOT/examples/my_project/bin/arduino-uno/arduino.a(base.o)
                0x00000000000000b6                __ctors_end = .
                0x00000000000000b6                __dtors_start = .
 *(.dtors)
                0x00000000000000b6                __dtors_end = .
 SORT_BY_NAME(*)(.ctors)
 SORT_BY_NAME(*)(.dtors)
 *(.init0)
 .init0         0x00000000000000b6        0x0 /usr/local/Cellar/avr-gcc/8.3.0/lib/avr-gcc/8/gcc/avr/8.3.0/../../../../../../avr/lib/avr5/crtatmega328p.o
                0x00000000000000b6                __init
 .init0         0x00000000000000b6       0x24 /Users/Lachlan/RIOT/examples/my_project/bin/arduino-uno/atmega_common.a(cpu.o)
                0x00000000000000b6                get_mcusr
 *(.init0)
 *(.init1)
 *(.init1)
 *(.init2)
 .init2         0x00000000000000da        0xc /usr/local/Cellar/avr-gcc/8.3.0/lib/avr-gcc/8/gcc/avr/8.3.0/../../../../../../avr/lib/avr5/crtatmega328p.o
 *(.init2)
 *(.init3)
 *(.init3)
 *(.init4)
 .init4         0x00000000000000e6       0x16 /usr/local/Cellar/avr-gcc/8.3.0/lib/avr-gcc/8/gcc/avr/8.3.0/avr5/libgcc.a(_copy_data.o)
                0x00000000000000e6                __do_copy_data
 .init4         0x00000000000000fc       0x10 /usr/local/Cellar/avr-gcc/8.3.0/lib/avr-gcc/8/gcc/avr/8.3.0/avr5/libgcc.a(_clear_bss.o)
                0x00000000000000fc                __do_clear_bss
 *(.init4)
 *(.init5)
 *(.init5)
 *(.init6)
 .init6         0x000000000000010c       0x16 /usr/local/Cellar/avr-gcc/8.3.0/lib/avr-gcc/8/gcc/avr/8.3.0/avr5/libgcc.a(_ctors.o)
                0x000000000000010c                __do_global_ctors
 *(.init6)
 *(.init7)
 .init7         0x0000000000000122        0x4 /Users/Lachlan/RIOT/examples/my_project/bin/arduino-uno/atmega_common/startup.o
                0x0000000000000122                init7_ovr
 *(.init7)
 *(.init8)
 .init8         0x0000000000000126        0x4 /Users/Lachlan/RIOT/examples/my_project/bin/arduino-uno/atmega_common/startup.o
                0x0000000000000126                init8_ovr
 *(.init8)
 *(.init9)
 .init9         0x000000000000012a        0x8 /usr/local/Cellar/avr-gcc/8.3.0/lib/avr-gcc/8/gcc/avr/8.3.0/../../../../../../avr/lib/avr5/crtatmega328p.o
 *(.init9)
 *(.text)
 .text          0x0000000000000132        0x4 /usr/local/Cellar/avr-gcc/8.3.0/lib/avr-gcc/8/gcc/avr/8.3.0/../../../../../../avr/lib/avr5/crtatmega328p.o
                0x0000000000000132                __vector_20
                0x0000000000000132                __vector_24
                0x0000000000000132                __bad_interrupt
                0x0000000000000132                __vector_6
                0x0000000000000132                __vector_3
                0x0000000000000132                __vector_23
                0x0000000000000132                __vector_25
                0x0000000000000132                __vector_13
                0x0000000000000132                __vector_17
                0x0000000000000132                __vector_19
                0x0000000000000132                __vector_7
                0x0000000000000132                __vector_5
                0x0000000000000132                __vector_4
                0x0000000000000132                __vector_9
                0x0000000000000132                __vector_2
                0x0000000000000132                __vector_21
                0x0000000000000132                __vector_15
                0x0000000000000132                __vector_8
                0x0000000000000132                __vector_14
                0x0000000000000132                __vector_10
                0x0000000000000132                __vector_16
                0x0000000000000132                __vector_22
                0x0000000000000136                . = ALIGN (0x2)
 *(.text.*)
 .text.reset_handler
                0x0000000000000136        0x8 /Users/Lachlan/RIOT/examples/my_project/bin/arduino-uno/atmega_common/startup.o
                0x0000000000000136                reset_handler
 .text._Z5setupv
                0x000000000000013e       0x1c /Users/Lachlan/RIOT/examples/my_project/bin/arduino-uno/application_arduino_hello-world.a(_sketches.o)
                0x000000000000013e                setup()
 .text._Z4loopv
                0x000000000000015a        0xc /Users/Lachlan/RIOT/examples/my_project/bin/arduino-uno/application_arduino_hello-world.a(_sketches.o)
                0x000000000000015a                loop()
 .text.__vector_1
                0x0000000000000166       0x1a /Users/Lachlan/RIOT/examples/my_project/bin/arduino-uno/application_arduino_hello-world.a(_sketches.o)
                0x0000000000000166                __vector_1
 .text.startup.main
                0x0000000000000180        0xa /Users/Lachlan/RIOT/examples/my_project/bin/arduino-uno/application_arduino_hello-world.a(_sketches.o)
                0x0000000000000180                main
 .text.startup._GLOBAL__sub_I_flag
                0x000000000000018a        0xc /Users/Lachlan/RIOT/examples/my_project/bin/arduino-uno/application_arduino_hello-world.a(_sketches.o)
 .text._Z5delaym
                0x0000000000000196       0x24 /Users/Lachlan/RIOT/examples/my_project/bin/arduino-uno/arduino.a(base.o)
                0x0000000000000196                delay(unsigned long)
 .text.startup._GLOBAL__sub_I__Z7pinModeii
                0x00000000000001ba        0xc /Users/Lachlan/RIOT/examples/my_project/bin/arduino-uno/arduino.a(base.o)
 .text._ZN10SerialPortC2Ej
                0x00000000000001c6        0x8 /Users/Lachlan/RIOT/examples/my_project/bin/arduino-uno/arduino.a(serialport.o)
                0x00000000000001c6                SerialPort::SerialPort(unsigned int)
                0x00000000000001c6                SerialPort::SerialPort(unsigned int)
 .text.irq_disable
                0x00000000000001ce        0xc /Users/Lachlan/RIOT/examples/my_project/bin/arduino-uno/atmega_common.a(irq_arch.o)
                0x00000000000001ce                irq_disable
 .text.irq_enable
                0x00000000000001da        0xc /Users/Lachlan/RIOT/examples/my_project/bin/arduino-uno/atmega_common.a(irq_arch.o)
                0x00000000000001da                irq_enable
 .text.irq_restore
                0x00000000000001e6       0x14 /Users/Lachlan/RIOT/examples/my_project/bin/arduino-uno/atmega_common.a(irq_arch.o)
                0x00000000000001e6                irq_restore
 .text.irq_is_in
                0x00000000000001fa        0x8 /Users/Lachlan/RIOT/examples/my_project/bin/arduino-uno/atmega_common.a(irq_arch.o)
                0x00000000000001fa                irq_is_in
 .text.gpio_init
                0x0000000000000202       0x70 /Users/Lachlan/RIOT/examples/my_project/bin/arduino-uno/atmega_common_periph.a(gpio.o)
                0x0000000000000202                gpio_init
 .text._isr.constprop.0
                0x0000000000000272       0x5a /Users/Lachlan/RIOT/examples/my_project/bin/arduino-uno/atmega_common_periph.a(timer.o)
 .text.timer_init
                0x00000000000002cc       0x96 /Users/Lachlan/RIOT/examples/my_project/bin/arduino-uno/atmega_common_periph.a(timer.o)
                0x00000000000002cc                timer_init
 .text.timer_set_absolute
                0x0000000000000362       0x62 /Users/Lachlan/RIOT/examples/my_project/bin/arduino-uno/atmega_common_periph.a(timer.o)
                0x0000000000000362                timer_set_absolute
 .text.timer_read
                0x00000000000003c4       0x1c /Users/Lachlan/RIOT/examples/my_project/bin/arduino-uno/atmega_common_periph.a(timer.o)
                0x00000000000003c4                timer_read
 .text.__vector_11
                0x00000000000003e0       0x4c /Users/Lachlan/RIOT/examples/my_project/bin/arduino-uno/atmega_common_periph.a(timer.o)
                0x00000000000003e0                __vector_11
 .text.__vector_12
                0x000000000000042c       0x4c /Users/Lachlan/RIOT/examples/my_project/bin/arduino-uno/atmega_common_periph.a(timer.o)
                0x000000000000042c                __vector_12
 .text.uart_init
                0x0000000000000478       0x8c /Users/Lachlan/RIOT/examples/my_project/bin/arduino-uno/atmega_common_periph.a(uart.o)
                0x0000000000000478                uart_init
 .text.uart_write
                0x0000000000000504       0x1e /Users/Lachlan/RIOT/examples/my_project/bin/arduino-uno/atmega_common_periph.a(uart.o)
                0x0000000000000504                uart_write
 .text.__vector_18
                0x0000000000000522       0x7c /Users/Lachlan/RIOT/examples/my_project/bin/arduino-uno/atmega_common_periph.a(uart.o)
                0x0000000000000522                __vector_18
 .text.board_init
                0x000000000000059e       0x1a /Users/Lachlan/RIOT/examples/my_project/bin/arduino-uno/boards_common_atmega.a(board.o)
                0x000000000000059e                board_init
 .text.main_trampoline
                0x00000000000005b8       0x1e /Users/Lachlan/RIOT/examples/my_project/bin/arduino-uno/core.a(kernel_init.o)
 .text.idle_thread
                0x00000000000005d6        0x6 /Users/Lachlan/RIOT/examples/my_project/bin/arduino-uno/core.a(kernel_init.o)
 .text.kernel_init
                0x00000000000005dc       0x48 /Users/Lachlan/RIOT/examples/my_project/bin/arduino-uno/core.a(kernel_init.o)
                0x00000000000005dc                kernel_init
 .text.panic_arch
                0x0000000000000624        0x2 /Users/Lachlan/RIOT/examples/my_project/bin/arduino-uno/core.a(panic.o)
                0x0000000000000624                panic_arch
 .text.core_panic
                0x0000000000000626       0x72 /Users/Lachlan/RIOT/examples/my_project/bin/arduino-uno/core.a(panic.o)
                0x0000000000000626                core_panic
 .text.sched_run
                0x0000000000000698       0x7e /Users/Lachlan/RIOT/examples/my_project/bin/arduino-uno/core.a(sched.o)
                0x0000000000000698                sched_run
 .text.sched_set_status
                0x0000000000000716      0x116 /Users/Lachlan/RIOT/examples/my_project/bin/arduino-uno/core.a(sched.o)
                0x0000000000000716                sched_set_status
 .text.sched_switch
                0x000000000000082c       0x34 /Users/Lachlan/RIOT/examples/my_project/bin/arduino-uno/core.a(sched.o)
                0x000000000000082c                sched_switch
 .text.sched_task_exit
                0x0000000000000860       0x44 /Users/Lachlan/RIOT/examples/my_project/bin/arduino-uno/core.a(sched.o)
                0x0000000000000860                sched_task_exit
 .text.thread_yield
                0x00000000000008a4       0x36 /Users/Lachlan/RIOT/examples/my_project/bin/arduino-uno/core.a(thread.o)
                0x00000000000008a4                thread_yield
 .text.thread_add_to_list
                0x00000000000008da       0x42 /Users/Lachlan/RIOT/examples/my_project/bin/arduino-uno/core.a(thread.o)
                0x00000000000008da                thread_add_to_list
 .text.thread_create
                0x000000000000091c      0x17c /Users/Lachlan/RIOT/examples/my_project/bin/arduino-uno/core.a(thread.o)
                0x000000000000091c                thread_create
 .text._callback_unlock_mutex
                0x0000000000000a98        0x4 /Users/Lachlan/RIOT/examples/my_project/bin/arduino-uno/xtimer.a(xtimer.o)
 .text._xtimer_spin
                0x0000000000000a9c       0x46 /Users/Lachlan/RIOT/examples/my_project/bin/arduino-uno/xtimer.a(xtimer.o)
 .text._xtimer_tsleep
                0x0000000000000ae2       0xce /Users/Lachlan/RIOT/examples/my_project/bin/arduino-uno/xtimer.a(xtimer.o)
                0x0000000000000ae2                _xtimer_tsleep
 .text._xtimer_now
                0x0000000000000bb0       0x5c /Users/Lachlan/RIOT/examples/my_project/bin/arduino-uno/xtimer.a(xtimer_core.o)
 .text._xtimer_now_internal
                0x0000000000000c0c       0x6e /Users/Lachlan/RIOT/examples/my_project/bin/arduino-uno/xtimer.a(xtimer_core.o)
 .text._lltimer_set
                0x0000000000000c7a       0x1c /Users/Lachlan/RIOT/examples/my_project/bin/arduino-uno/xtimer.a(xtimer_core.o)
 .text._add_timer_to_long_list.constprop.4
                0x0000000000000c96       0x7e /Users/Lachlan/RIOT/examples/my_project/bin/arduino-uno/xtimer.a(xtimer_core.o)
 .text._next_period
                0x0000000000000d14      0x1a2 /Users/Lachlan/RIOT/examples/my_project/bin/arduino-uno/xtimer.a(xtimer_core.o)
 .text._periph_timer_callback
                0x0000000000000eb6      0x1f8 /Users/Lachlan/RIOT/examples/my_project/bin/arduino-uno/xtimer.a(xtimer_core.o)
 .text._remove  0x00000000000010ae       0xa8 /Users/Lachlan/RIOT/examples/my_project/bin/arduino-uno/xtimer.a(xtimer_core.o)
 .text.xtimer_init
                0x0000000000001156       0x2a /Users/Lachlan/RIOT/examples/my_project/bin/arduino-uno/xtimer.a(xtimer_core.o)
                0x0000000000001156                xtimer_init
 .text._xtimer_set_absolute
                0x0000000000001180      0x1f2 /Users/Lachlan/RIOT/examples/my_project/bin/arduino-uno/xtimer.a(xtimer_core.o)
                0x0000000000001180                _xtimer_set_absolute
 .text.xtimer_remove
                0x0000000000001372       0x44 /Users/Lachlan/RIOT/examples/my_project/bin/arduino-uno/xtimer.a(xtimer_core.o)
                0x0000000000001372                xtimer_remove
 .text._xtimer_set
                0x00000000000013b6       0xa6 /Users/Lachlan/RIOT/examples/my_project/bin/arduino-uno/xtimer.a(xtimer_core.o)
                0x00000000000013b6                _xtimer_set
 .text._xtimer_set64
                0x000000000000145c       0xec /Users/Lachlan/RIOT/examples/my_project/bin/arduino-uno/xtimer.a(xtimer_core.o)
                0x000000000000145c                _xtimer_set64
 .text.pm_off   0x0000000000001548        0x6 /Users/Lachlan/RIOT/examples/my_project/bin/arduino-uno/periph_common.a(pm.o)
                0x0000000000001548                pm_off
 .text.pm_set_lowest
                0x000000000000154e        0x2 /Users/Lachlan/RIOT/examples/my_project/bin/arduino-uno/periph_common.a(pm.o)
                0x000000000000154e                pm_set_lowest
 .text.cpu_init
                0x0000000000001550       0x1c /Users/Lachlan/RIOT/examples/my_project/bin/arduino-uno/atmega_common.a(cpu.o)
                0x0000000000001550                cpu_init
 .text.__vector_default
                0x000000000000156c       0x16 /Users/Lachlan/RIOT/examples/my_project/bin/arduino-uno/atmega_common.a(cpu.o)
                0x000000000000156c                __vector_default
 .text.__enter_thread_mode
                0x0000000000001582       0x5a /Users/Lachlan/RIOT/examples/my_project/bin/arduino-uno/atmega_common.a(thread_arch.o)
 .text.thread_stack_init
                0x00000000000015dc       0x5a /Users/Lachlan/RIOT/examples/my_project/bin/arduino-uno/atmega_common.a(thread_arch.o)
                0x00000000000015dc                thread_stack_init
 .text.cpu_switch_context_exit
                0x0000000000001636        0x8 /Users/Lachlan/RIOT/examples/my_project/bin/arduino-uno/atmega_common.a(thread_arch.o)
                0x0000000000001636                cpu_switch_context_exit
 .text.thread_yield_higher
                0x000000000000163e       0xcc /Users/Lachlan/RIOT/examples/my_project/bin/arduino-uno/atmega_common.a(thread_arch.o)
                0x000000000000163e                thread_yield_higher
 .text.thread_yield_isr
                0x000000000000170a       0xb4 /Users/Lachlan/RIOT/examples/my_project/bin/arduino-uno/atmega_common.a(thread_arch.o)
                0x000000000000170a                thread_yield_isr
 .text.auto_init
                0x00000000000017be        0x4 /Users/Lachlan/RIOT/examples/my_project/bin/arduino-uno/auto_init.a(auto_init.o)
                0x00000000000017be                auto_init
 .text._uart_getchar
                0x00000000000017c2       0x26 /Users/Lachlan/RIOT/examples/my_project/bin/arduino-uno/avr_libc_extra.a(atmega_stdio.o)
 .text._uart_putchar
                0x00000000000017e8       0x24 /Users/Lachlan/RIOT/examples/my_project/bin/arduino-uno/avr_libc_extra.a(atmega_stdio.o)
 .text.atmega_stdio_init
                0x000000000000180c       0x20 /Users/Lachlan/RIOT/examples/my_project/bin/arduino-uno/avr_libc_extra.a(atmega_stdio.o)
                0x000000000000180c                atmega_stdio_init
 .text.led_init
                0x000000000000182c        0xc /Users/Lachlan/RIOT/examples/my_project/bin/arduino-uno/boards_common_arduino-atmega.a(led_init.o)
                0x000000000000182c                led_init
 .text._mutex_lock
                0x0000000000001838       0x8a /Users/Lachlan/RIOT/examples/my_project/bin/arduino-uno/core.a(mutex.o)
                0x0000000000001838                _mutex_lock
 .text.mutex_unlock
                0x00000000000018c2       0x80 /Users/Lachlan/RIOT/examples/my_project/bin/arduino-uno/core.a(mutex.o)
                0x00000000000018c2                mutex_unlock
 .text.stdio_init
                0x0000000000001942       0x22 /Users/Lachlan/RIOT/examples/my_project/bin/arduino-uno/stdio_uart.a(stdio_uart.o)
                0x0000000000001942                stdio_init
 .text.stdio_read
                0x0000000000001964        0xc /Users/Lachlan/RIOT/examples/my_project/bin/arduino-uno/stdio_uart.a(stdio_uart.o)
                0x0000000000001964                stdio_read
 .text.stdio_write
                0x0000000000001970       0x1a /Users/Lachlan/RIOT/examples/my_project/bin/arduino-uno/stdio_uart.a(stdio_uart.o)
                0x0000000000001970                stdio_write
 .text.periph_init
                0x000000000000198a        0x2 /Users/Lachlan/RIOT/examples/my_project/bin/arduino-uno/periph_common.a(init.o)
                0x000000000000198a                periph_init
 .text.isrpipe_write_one
                0x000000000000198c       0x24 /Users/Lachlan/RIOT/examples/my_project/bin/arduino-uno/isrpipe.a(isrpipe.o)
                0x000000000000198c                isrpipe_write_one
 .text.isrpipe_read
                0x00000000000019b0       0x4a /Users/Lachlan/RIOT/examples/my_project/bin/arduino-uno/isrpipe.a(isrpipe.o)
                0x00000000000019b0                isrpipe_read
 .text._pop     0x00000000000019fa       0x26 /Users/Lachlan/RIOT/examples/my_project/bin/arduino-uno/tsrb.a(tsrb.o)
 .text.tsrb_get
                0x0000000000001a20       0x56 /Users/Lachlan/RIOT/examples/my_project/bin/arduino-uno/tsrb.a(tsrb.o)
                0x0000000000001a20                tsrb_get
 .text.tsrb_add_one
                0x0000000000001a76       0x44 /Users/Lachlan/RIOT/examples/my_project/bin/arduino-uno/tsrb.a(tsrb.o)
                0x0000000000001a76                tsrb_add_one
 .text.libgcc.div
                0x0000000000001aba       0x44 /usr/local/Cellar/avr-gcc/8.3.0/lib/avr-gcc/8/gcc/avr/8.3.0/avr5/libgcc.a(_udivmodsi4.o)
                0x0000000000001aba                __udivmodsi4
 .text.libgcc.mul
                0x0000000000001afe       0x16 /usr/local/Cellar/avr-gcc/8.3.0/lib/avr-gcc/8/gcc/avr/8.3.0/avr5/libgcc.a(_muluhisi3.o)
                0x0000000000001afe                __muluhisi3
 .text.libgcc   0x0000000000001b14        0xc /usr/local/Cellar/avr-gcc/8.3.0/lib/avr-gcc/8/gcc/avr/8.3.0/avr5/libgcc.a(_tablejump2.o)
                0x0000000000001b14                __tablejump2__
 .text.libgcc.mul
                0x0000000000001b20       0x1e /usr/local/Cellar/avr-gcc/8.3.0/lib/avr-gcc/8/gcc/avr/8.3.0/avr5/libgcc.a(_umulhisi3.o)
                0x0000000000001b20                __umulhisi3
 .text.avr-libc
                0x0000000000001b3e       0x2c /usr/local/Cellar/avr-gcc/8.3.0/lib/avr-gcc/8/gcc/avr/8.3.0/../../../../../../avr/lib/avr5/libc.a(printf.o)
                0x0000000000001b3e                printf
 .text.avr-libc
                0x0000000000001b6a       0x58 /usr/local/Cellar/avr-gcc/8.3.0/lib/avr-gcc/8/gcc/avr/8.3.0/../../../../../../avr/lib/avr5/libc.a(puts.o)
                0x0000000000001b6a                puts
 .text.avr-libc
                0x0000000000001bc2      0x396 /usr/local/Cellar/avr-gcc/8.3.0/lib/avr-gcc/8/gcc/avr/8.3.0/../../../../../../avr/lib/avr5/libc.a(vfprintf_std.o)
                0x0000000000001bc2                vfprintf
 .text.avr-libc
                0x0000000000001f58       0x16 /usr/local/Cellar/avr-gcc/8.3.0/lib/avr-gcc/8/gcc/avr/8.3.0/../../../../../../avr/lib/avr5/libc.a(strnlen_P.o)
                0x0000000000001f58                strnlen_P
 .text.avr-libc
                0x0000000000001f6e       0x16 /usr/local/Cellar/avr-gcc/8.3.0/lib/avr-gcc/8/gcc/avr/8.3.0/../../../../../../avr/lib/avr5/libc.a(strnlen.o)
                0x0000000000001f6e                strnlen
 .text.avr-libc
                0x0000000000001f84       0x60 /usr/local/Cellar/avr-gcc/8.3.0/lib/avr-gcc/8/gcc/avr/8.3.0/../../../../../../avr/lib/avr5/libc.a(fputc.o)
                0x0000000000001f84                fputc
 .text.avr-libc
                0x0000000000001fe4       0xbc /usr/local/Cellar/avr-gcc/8.3.0/lib/avr-gcc/8/gcc/avr/8.3.0/../../../../../../avr/lib/avr5/libc.a(ultoa_invert.o)
                0x0000000000001fe4                __ultoa_invert
 .text.libgcc.prologue
                0x00000000000020a0       0x38 /usr/local/Cellar/avr-gcc/8.3.0/lib/avr-gcc/8/gcc/avr/8.3.0/avr5/libgcc.a(_prologue.o)
                0x00000000000020a0                __prologue_saves__
 .text.libgcc.prologue
                0x00000000000020d8       0x36 /usr/local/Cellar/avr-gcc/8.3.0/lib/avr-gcc/8/gcc/avr/8.3.0/avr5/libgcc.a(_epilogue.o)
                0x00000000000020d8                __epilogue_restores__
                0x000000000000210e                . = ALIGN (0x2)
 *(.fini9)
 .fini9         0x000000000000210e        0x0 /usr/local/Cellar/avr-gcc/8.3.0/lib/avr-gcc/8/gcc/avr/8.3.0/avr5/libgcc.a(_exit.o)
                0x000000000000210e                exit
                0x000000000000210e                _exit
 *(.fini9)
 *(.fini8)
 *(.fini8)
 *(.fini7)
 *(.fini7)
 *(.fini6)
 *(.fini6)
 *(.fini5)
 *(.fini5)
 *(.fini4)
 *(.fini4)
 *(.fini3)
 *(.fini3)
 *(.fini2)
 *(.fini2)
 *(.fini1)
 *(.fini1)
 *(.fini0)
 .fini0         0x000000000000210e        0x4 /usr/local/Cellar/avr-gcc/8.3.0/lib/avr-gcc/8/gcc/avr/8.3.0/avr5/libgcc.a(_exit.o)
 *(.fini0)
 *(.hightext)
 *(.hightext*)
 *(.progmemx.*)
                0x0000000000002112                . = ALIGN (0x2)
 *(.jumptables)
 *(.jumptables*)
                0x0000000000002112                _etext = .

.data           0x0000000000800100       0xd6 load address 0x0000000000002112
                0x0000000000800100                PROVIDE (__data_start = .)
 *(.data)
 *(.data*)
 .data.ctx      0x0000000000800100        0xc /Users/Lachlan/RIOT/examples/my_project/bin/arduino-uno/atmega_common_periph.a(timer.o)
 .data.idle_name
                0x000000000080010c        0x2 /Users/Lachlan/RIOT/examples/my_project/bin/arduino-uno/core.a(kernel_init.o)
                0x000000000080010c                idle_name
 .data.main_name
                0x000000000080010e        0x2 /Users/Lachlan/RIOT/examples/my_project/bin/arduino-uno/core.a(kernel_init.o)
                0x000000000080010e                main_name
 .data._uart_stdin
                0x0000000000800110        0xe /Users/Lachlan/RIOT/examples/my_project/bin/arduino-uno/avr_libc_extra.a(atmega_stdio.o)
 .data._uart_stdout
                0x000000000080011e        0xe /Users/Lachlan/RIOT/examples/my_project/bin/arduino-uno/avr_libc_extra.a(atmega_stdio.o)
 .data.stdio_uart_isrpipe
                0x000000000080012c        0xa /Users/Lachlan/RIOT/examples/my_project/bin/arduino-uno/stdio_uart.a(stdio_uart.o)
                0x000000000080012c                stdio_uart_isrpipe
 *(.gnu.linkonce.d*)
 *(.rodata)
 *(.rodata*)
 .rodata.prescalers
                0x0000000000800136        0x5 /Users/Lachlan/RIOT/examples/my_project/bin/arduino-uno/atmega_common_periph.a(timer.o)
 .rodata.main_trampoline.str1.1
                0x000000000080013b       0x3b /Users/Lachlan/RIOT/examples/my_project/bin/arduino-uno/core.a(kernel_init.o)
 .rodata.str1.1
                0x0000000000800176        0xa /Users/Lachlan/RIOT/examples/my_project/bin/arduino-uno/core.a(kernel_init.o)
 .rodata.core_panic.str1.1
                0x0000000000800180       0x41 /Users/Lachlan/RIOT/examples/my_project/bin/arduino-uno/core.a(panic.o)
 .rodata.assert_crash_message
                0x00000000008001c1       0x12 /Users/Lachlan/RIOT/examples/my_project/bin/arduino-uno/core.a(panic.o)
                0x00000000008001c1                assert_crash_message
 .rodata.atmega_stdio_init.str1.1
                0x00000000008001d3        0x2 /Users/Lachlan/RIOT/examples/my_project/bin/arduino-uno/avr_libc_extra.a(atmega_stdio.o)
 *(.gnu.linkonce.r*)
                0x00000000008001d6                . = ALIGN (0x2)
 *fill*         0x00000000008001d5        0x1 
                0x00000000008001d6                _edata = .
                0x00000000008001d6                PROVIDE (__data_end = .)

.bss            0x00000000008001d6      0x45f
                0x00000000008001d6                PROVIDE (__bss_start = .)
 *(.bss)
 *(.bss*)
 .bss._ZL6Serial
                0x00000000008001d6       0x4a /Users/Lachlan/RIOT/examples/my_project/bin/arduino-uno/application_arduino_hello-world.a(_sketches.o)
 .bss._ZL6Serial
                0x0000000000800220       0x4a /Users/Lachlan/RIOT/examples/my_project/bin/arduino-uno/arduino.a(base.o)
 .bss.__in_isr  0x000000000080026a        0x1 /Users/Lachlan/RIOT/examples/my_project/bin/arduino-uno/atmega_common.a(irq_arch.o)
                0x000000000080026a                __in_isr
 .bss.isr_ctx   0x000000000080026b        0x4 /Users/Lachlan/RIOT/examples/my_project/bin/arduino-uno/atmega_common_periph.a(uart.o)
 .bss.idle_stack
                0x000000000080026f       0x80 /Users/Lachlan/RIOT/examples/my_project/bin/arduino-uno/core.a(kernel_init.o)
 .bss.main_stack
                0x00000000008002ef      0x280 /Users/Lachlan/RIOT/examples/my_project/bin/arduino-uno/core.a(kernel_init.o)
 .bss.crashed   0x000000000080056f        0x2 /Users/Lachlan/RIOT/examples/my_project/bin/arduino-uno/core.a(panic.o)
 .bss.runqueue_bitcache
                0x0000000000800571        0x4 /Users/Lachlan/RIOT/examples/my_project/bin/arduino-uno/core.a(sched.o)
 .bss.sched_runqueues
                0x0000000000800575       0x20 /Users/Lachlan/RIOT/examples/my_project/bin/arduino-uno/core.a(sched.o)
                0x0000000000800575                sched_runqueues
 .bss.sched_active_pid
                0x0000000000800595        0x2 /Users/Lachlan/RIOT/examples/my_project/bin/arduino-uno/core.a(sched.o)
                0x0000000000800595                sched_active_pid
 .bss.sched_active_thread
                0x0000000000800597        0x2 /Users/Lachlan/RIOT/examples/my_project/bin/arduino-uno/core.a(sched.o)
                0x0000000000800597                sched_active_thread
 .bss.sched_threads
                0x0000000000800599       0x42 /Users/Lachlan/RIOT/examples/my_project/bin/arduino-uno/core.a(sched.o)
                0x0000000000800599                sched_threads
 .bss.sched_context_switch_request
                0x00000000008005db        0x2 /Users/Lachlan/RIOT/examples/my_project/bin/arduino-uno/core.a(sched.o)
                0x00000000008005db                sched_context_switch_request
 .bss.sched_num_threads
                0x00000000008005dd        0x2 /Users/Lachlan/RIOT/examples/my_project/bin/arduino-uno/core.a(sched.o)
                0x00000000008005dd                sched_num_threads
 .bss.long_list_head
                0x00000000008005df        0x2 /Users/Lachlan/RIOT/examples/my_project/bin/arduino-uno/xtimer.a(xtimer_core.o)
 .bss.overflow_list_head
                0x00000000008005e1        0x2 /Users/Lachlan/RIOT/examples/my_project/bin/arduino-uno/xtimer.a(xtimer_core.o)
 .bss.timer_list_head
                0x00000000008005e3        0x2 /Users/Lachlan/RIOT/examples/my_project/bin/arduino-uno/xtimer.a(xtimer_core.o)
 .bss._xtimer_high_cnt
                0x00000000008005e5        0x4 /Users/Lachlan/RIOT/examples/my_project/bin/arduino-uno/xtimer.a(xtimer_core.o)
                0x00000000008005e5                _xtimer_high_cnt
 .bss._long_cnt
                0x00000000008005e9        0x4 /Users/Lachlan/RIOT/examples/my_project/bin/arduino-uno/xtimer.a(xtimer_core.o)
 .bss._in_handler
                0x00000000008005ed        0x2 /Users/Lachlan/RIOT/examples/my_project/bin/arduino-uno/xtimer.a(xtimer_core.o)
 .bss._rx_buf_mem
                0x00000000008005ef       0x40 /Users/Lachlan/RIOT/examples/my_project/bin/arduino-uno/stdio_uart.a(stdio_uart.o)
 *(COMMON)
 COMMON         0x000000000080062f        0x6 /usr/local/Cellar/avr-gcc/8.3.0/lib/avr-gcc/8/gcc/avr/8.3.0/../../../../../../avr/lib/avr5/libc.a(iob.o)
                0x000000000080062f                __iob
                0x0000000000800635                PROVIDE (__bss_end = .)
                0x0000000000002112                __data_load_start = LOADADDR (.data)
                0x00000000000021e8                __data_load_end = (__data_load_start + SIZEOF (.data))

.noinit         0x0000000000800635        0x2
                [!provide]                        PROVIDE (__noinit_start = .)
 *(.noinit*)
 .noinit        0x0000000000800635        0x2 /Users/Lachlan/RIOT/examples/my_project/bin/arduino-uno/atmega_common.a(cpu.o)
                0x0000000000800635                soft_rst
                0x0000000000800636                mcusr_mirror
                [!provide]                        PROVIDE (__noinit_end = .)
                0x0000000000800637                _end = .
                [!provide]                        PROVIDE (__heap_start = .)

.eeprom         0x0000000000810000        0x0
 *(.eeprom*)
                0x0000000000810000                __eeprom_end = .

.fuse
 *(.fuse)
 *(.lfuse)
 *(.hfuse)
 *(.efuse)

.lock
 *(.lock*)

.signature
 *(.signature*)

.stab
 *(.stab)

.stabstr
 *(.stabstr)

.stab.excl
 *(.stab.excl)

.stab.exclstr
 *(.stab.exclstr)

.stab.index
 *(.stab.index)

.stab.indexstr
 *(.stab.indexstr)

.comment        0x0000000000000000       0x11
 *(.comment)
 .comment       0x0000000000000000       0x11 /Users/Lachlan/RIOT/examples/my_project/bin/arduino-uno/atmega_common/startup.o
                                         0x12 (size before relaxing)
 .comment       0x0000000000000011       0x12 /Users/Lachlan/RIOT/examples/my_project/bin/arduino-uno/application_arduino_hello-world.a(_sketches.o)
 .comment       0x0000000000000011       0x12 /Users/Lachlan/RIOT/examples/my_project/bin/arduino-uno/arduino.a(base.o)
 .comment       0x0000000000000011       0x12 /Users/Lachlan/RIOT/examples/my_project/bin/arduino-uno/arduino.a(serialport.o)
 .comment       0x0000000000000011       0x12 /Users/Lachlan/RIOT/examples/my_project/bin/arduino-uno/atmega_common.a(irq_arch.o)
 .comment       0x0000000000000011       0x12 /Users/Lachlan/RIOT/examples/my_project/bin/arduino-uno/atmega_common_periph.a(gpio.o)
 .comment       0x0000000000000011       0x12 /Users/Lachlan/RIOT/examples/my_project/bin/arduino-uno/atmega_common_periph.a(timer.o)
 .comment       0x0000000000000011       0x12 /Users/Lachlan/RIOT/examples/my_project/bin/arduino-uno/atmega_common_periph.a(uart.o)
 .comment       0x0000000000000011       0x12 /Users/Lachlan/RIOT/examples/my_project/bin/arduino-uno/boards_common_atmega.a(board.o)
 .comment       0x0000000000000011       0x12 /Users/Lachlan/RIOT/examples/my_project/bin/arduino-uno/core.a(kernel_init.o)
 .comment       0x0000000000000011       0x12 /Users/Lachlan/RIOT/examples/my_project/bin/arduino-uno/core.a(panic.o)
 .comment       0x0000000000000011       0x12 /Users/Lachlan/RIOT/examples/my_project/bin/arduino-uno/core.a(sched.o)
 .comment       0x0000000000000011       0x12 /Users/Lachlan/RIOT/examples/my_project/bin/arduino-uno/core.a(thread.o)
 .comment       0x0000000000000011       0x12 /Users/Lachlan/RIOT/examples/my_project/bin/arduino-uno/xtimer.a(xtimer.o)
 .comment       0x0000000000000011       0x12 /Users/Lachlan/RIOT/examples/my_project/bin/arduino-uno/xtimer.a(xtimer_core.o)
 .comment       0x0000000000000011       0x12 /Users/Lachlan/RIOT/examples/my_project/bin/arduino-uno/periph_common.a(pm.o)
 .comment       0x0000000000000011       0x12 /Users/Lachlan/RIOT/examples/my_project/bin/arduino-uno/atmega_common.a(cpu.o)
 .comment       0x0000000000000011       0x12 /Users/Lachlan/RIOT/examples/my_project/bin/arduino-uno/atmega_common.a(thread_arch.o)
 .comment       0x0000000000000011       0x12 /Users/Lachlan/RIOT/examples/my_project/bin/arduino-uno/auto_init.a(auto_init.o)
 .comment       0x0000000000000011       0x12 /Users/Lachlan/RIOT/examples/my_project/bin/arduino-uno/avr_libc_extra.a(atmega_stdio.o)
 .comment       0x0000000000000011       0x12 /Users/Lachlan/RIOT/examples/my_project/bin/arduino-uno/boards_common_arduino-atmega.a(led_init.o)
 .comment       0x0000000000000011       0x12 /Users/Lachlan/RIOT/examples/my_project/bin/arduino-uno/core.a(mutex.o)
 .comment       0x0000000000000011       0x12 /Users/Lachlan/RIOT/examples/my_project/bin/arduino-uno/stdio_uart.a(stdio_uart.o)
 .comment       0x0000000000000011       0x12 /Users/Lachlan/RIOT/examples/my_project/bin/arduino-uno/periph_common.a(init.o)
 .comment       0x0000000000000011       0x12 /Users/Lachlan/RIOT/examples/my_project/bin/arduino-uno/isrpipe.a(isrpipe.o)
 .comment       0x0000000000000011       0x12 /Users/Lachlan/RIOT/examples/my_project/bin/arduino-uno/tsrb.a(tsrb.o)
 .comment       0x0000000000000011       0x12 /usr/local/Cellar/avr-gcc/8.3.0/lib/avr-gcc/8/gcc/avr/8.3.0/../../../../../../avr/lib/avr5/libc.a(iob.o)
 .comment       0x0000000000000011       0x12 /usr/local/Cellar/avr-gcc/8.3.0/lib/avr-gcc/8/gcc/avr/8.3.0/../../../../../../avr/lib/avr5/libc.a(printf.o)
 .comment       0x0000000000000011       0x12 /usr/local/Cellar/avr-gcc/8.3.0/lib/avr-gcc/8/gcc/avr/8.3.0/../../../../../../avr/lib/avr5/libc.a(puts.o)
 .comment       0x0000000000000011       0x12 /usr/local/Cellar/avr-gcc/8.3.0/lib/avr-gcc/8/gcc/avr/8.3.0/../../../../../../avr/lib/avr5/libc.a(vfprintf_std.o)
 .comment       0x0000000000000011       0x12 /usr/local/Cellar/avr-gcc/8.3.0/lib/avr-gcc/8/gcc/avr/8.3.0/../../../../../../avr/lib/avr5/libc.a(fputc.o)

.note.gnu.avr.deviceinfo
                0x0000000000000000       0x40
 .note.gnu.avr.deviceinfo
                0x0000000000000000       0x40 /usr/local/Cellar/avr-gcc/8.3.0/lib/avr-gcc/8/gcc/avr/8.3.0/../../../../../../avr/lib/avr5/crtatmega328p.o

.note.gnu.build-id
 *(.note.gnu.build-id)

.debug
 *(.debug)

.line
 *(.line)

.debug_srcinfo
 *(.debug_srcinfo)

.debug_sfnames
 *(.debug_sfnames)

.debug_aranges  0x0000000000000000      0x830
 *(.debug_aranges)
 .debug_aranges
                0x0000000000000000       0x30 /Users/Lachlan/RIOT/examples/my_project/bin/arduino-uno/atmega_common/startup.o
 .debug_aranges
                0x0000000000000030       0x40 /Users/Lachlan/RIOT/examples/my_project/bin/arduino-uno/application_arduino_hello-world.a(_sketches.o)
 .debug_aranges
                0x0000000000000070       0x58 /Users/Lachlan/RIOT/examples/my_project/bin/arduino-uno/arduino.a(base.o)
 .debug_aranges
                0x00000000000000c8       0xc0 /Users/Lachlan/RIOT/examples/my_project/bin/arduino-uno/arduino.a(serialport.o)
 .debug_aranges
                0x0000000000000188       0x38 /Users/Lachlan/RIOT/examples/my_project/bin/arduino-uno/atmega_common.a(irq_arch.o)
 .debug_aranges
                0x00000000000001c0       0x48 /Users/Lachlan/RIOT/examples/my_project/bin/arduino-uno/atmega_common_periph.a(gpio.o)
 .debug_aranges
                0x0000000000000208       0x60 /Users/Lachlan/RIOT/examples/my_project/bin/arduino-uno/atmega_common_periph.a(timer.o)
 .debug_aranges
                0x0000000000000268       0x38 /Users/Lachlan/RIOT/examples/my_project/bin/arduino-uno/atmega_common_periph.a(uart.o)
 .debug_aranges
                0x00000000000002a0       0x20 /Users/Lachlan/RIOT/examples/my_project/bin/arduino-uno/boards_common_atmega.a(board.o)
 .debug_aranges
                0x00000000000002c0       0x30 /Users/Lachlan/RIOT/examples/my_project/bin/arduino-uno/core.a(kernel_init.o)
 .debug_aranges
                0x00000000000002f0       0x28 /Users/Lachlan/RIOT/examples/my_project/bin/arduino-uno/core.a(panic.o)
 .debug_aranges
                0x0000000000000318       0x38 /Users/Lachlan/RIOT/examples/my_project/bin/arduino-uno/core.a(sched.o)
 .debug_aranges
                0x0000000000000350       0x60 /Users/Lachlan/RIOT/examples/my_project/bin/arduino-uno/core.a(thread.o)
 .debug_aranges
                0x00000000000003b0       0x98 /Users/Lachlan/RIOT/examples/my_project/bin/arduino-uno/xtimer.a(xtimer.o)
 .debug_aranges
                0x0000000000000448       0x80 /Users/Lachlan/RIOT/examples/my_project/bin/arduino-uno/xtimer.a(xtimer_core.o)
 .debug_aranges
                0x00000000000004c8       0x28 /Users/Lachlan/RIOT/examples/my_project/bin/arduino-uno/periph_common.a(pm.o)
 .debug_aranges
                0x00000000000004f0       0x38 /Users/Lachlan/RIOT/examples/my_project/bin/arduino-uno/atmega_common.a(cpu.o)
 .debug_aranges
                0x0000000000000528       0x48 /Users/Lachlan/RIOT/examples/my_project/bin/arduino-uno/atmega_common.a(thread_arch.o)
 .debug_aranges
                0x0000000000000570       0x20 /Users/Lachlan/RIOT/examples/my_project/bin/arduino-uno/auto_init.a(auto_init.o)
 .debug_aranges
                0x0000000000000590       0x30 /Users/Lachlan/RIOT/examples/my_project/bin/arduino-uno/avr_libc_extra.a(atmega_stdio.o)
 .debug_aranges
                0x00000000000005c0       0x20 /Users/Lachlan/RIOT/examples/my_project/bin/arduino-uno/boards_common_arduino-atmega.a(led_init.o)
 .debug_aranges
                0x00000000000005e0       0x30 /Users/Lachlan/RIOT/examples/my_project/bin/arduino-uno/core.a(mutex.o)
 .debug_aranges
                0x0000000000000610       0x30 /Users/Lachlan/RIOT/examples/my_project/bin/arduino-uno/stdio_uart.a(stdio_uart.o)
 .debug_aranges
                0x0000000000000640       0x20 /Users/Lachlan/RIOT/examples/my_project/bin/arduino-uno/periph_common.a(init.o)
 .debug_aranges
                0x0000000000000660       0x48 /Users/Lachlan/RIOT/examples/my_project/bin/arduino-uno/isrpipe.a(isrpipe.o)
 .debug_aranges
                0x00000000000006a8       0x48 /Users/Lachlan/RIOT/examples/my_project/bin/arduino-uno/tsrb.a(tsrb.o)
 .debug_aranges
                0x00000000000006f0       0x20 /usr/local/Cellar/avr-gcc/8.3.0/lib/avr-gcc/8/gcc/avr/8.3.0/avr5/libgcc.a(_udivmodsi4.o)
 .debug_aranges
                0x0000000000000710       0x20 /usr/local/Cellar/avr-gcc/8.3.0/lib/avr-gcc/8/gcc/avr/8.3.0/avr5/libgcc.a(_exit.o)
 .debug_aranges
                0x0000000000000730       0x20 /usr/local/Cellar/avr-gcc/8.3.0/lib/avr-gcc/8/gcc/avr/8.3.0/avr5/libgcc.a(_copy_data.o)
 .debug_aranges
                0x0000000000000750       0x20 /usr/local/Cellar/avr-gcc/8.3.0/lib/avr-gcc/8/gcc/avr/8.3.0/avr5/libgcc.a(_clear_bss.o)
 .debug_aranges
                0x0000000000000770       0x20 /usr/local/Cellar/avr-gcc/8.3.0/lib/avr-gcc/8/gcc/avr/8.3.0/avr5/libgcc.a(_ctors.o)
 .debug_aranges
                0x0000000000000790       0x20 /usr/local/Cellar/avr-gcc/8.3.0/lib/avr-gcc/8/gcc/avr/8.3.0/avr5/libgcc.a(_muluhisi3.o)
 .debug_aranges
                0x00000000000007b0       0x20 /usr/local/Cellar/avr-gcc/8.3.0/lib/avr-gcc/8/gcc/avr/8.3.0/avr5/libgcc.a(_tablejump2.o)
 .debug_aranges
                0x00000000000007d0       0x20 /usr/local/Cellar/avr-gcc/8.3.0/lib/avr-gcc/8/gcc/avr/8.3.0/avr5/libgcc.a(_umulhisi3.o)
 .debug_aranges
                0x00000000000007f0       0x20 /usr/local/Cellar/avr-gcc/8.3.0/lib/avr-gcc/8/gcc/avr/8.3.0/avr5/libgcc.a(_prologue.o)
 .debug_aranges
                0x0000000000000810       0x20 /usr/local/Cellar/avr-gcc/8.3.0/lib/avr-gcc/8/gcc/avr/8.3.0/avr5/libgcc.a(_epilogue.o)

.debug_pubnames
 *(.debug_pubnames)

.debug_info     0x0000000000000000     0xf991
 *(.debug_info .gnu.linkonce.wi.*)
 .debug_info    0x0000000000000000      0x5f4 /usr/local/Cellar/avr-gcc/8.3.0/lib/avr-gcc/8/gcc/avr/8.3.0/../../../../../../avr/lib/avr5/crtatmega328p.o
 .debug_info    0x00000000000005f4      0x5a8 /Users/Lachlan/RIOT/examples/my_project/bin/arduino-uno/atmega_common/startup.o
 .debug_info    0x0000000000000b9c      0xad9 /Users/Lachlan/RIOT/examples/my_project/bin/arduino-uno/application_arduino_hello-world.a(_sketches.o)
 .debug_info    0x0000000000001675     0x10a1 /Users/Lachlan/RIOT/examples/my_project/bin/arduino-uno/arduino.a(base.o)
 .debug_info    0x0000000000002716     0x14ec /Users/Lachlan/RIOT/examples/my_project/bin/arduino-uno/arduino.a(serialport.o)
 .debug_info    0x0000000000003c02      0x569 /Users/Lachlan/RIOT/examples/my_project/bin/arduino-uno/atmega_common.a(irq_arch.o)
 .debug_info    0x000000000000416b      0xbd6 /Users/Lachlan/RIOT/examples/my_project/bin/arduino-uno/atmega_common_periph.a(gpio.o)
 .debug_info    0x0000000000004d41      0x97b /Users/Lachlan/RIOT/examples/my_project/bin/arduino-uno/atmega_common_periph.a(timer.o)
 .debug_info    0x00000000000056bc      0x964 /Users/Lachlan/RIOT/examples/my_project/bin/arduino-uno/atmega_common_periph.a(uart.o)
 .debug_info    0x0000000000006020      0x63a /Users/Lachlan/RIOT/examples/my_project/bin/arduino-uno/boards_common_atmega.a(board.o)
 .debug_info    0x000000000000665a      0x66a /Users/Lachlan/RIOT/examples/my_project/bin/arduino-uno/core.a(kernel_init.o)
 .debug_info    0x0000000000006cc4      0x5e1 /Users/Lachlan/RIOT/examples/my_project/bin/arduino-uno/core.a(panic.o)
 .debug_info    0x00000000000072a5      0x765 /Users/Lachlan/RIOT/examples/my_project/bin/arduino-uno/core.a(sched.o)
 .debug_info    0x0000000000007a0a      0xbb5 /Users/Lachlan/RIOT/examples/my_project/bin/arduino-uno/core.a(thread.o)
 .debug_info    0x00000000000085bf     0x1573 /Users/Lachlan/RIOT/examples/my_project/bin/arduino-uno/xtimer.a(xtimer.o)
 .debug_info    0x0000000000009b32     0x1695 /Users/Lachlan/RIOT/examples/my_project/bin/arduino-uno/xtimer.a(xtimer_core.o)
 .debug_info    0x000000000000b1c7      0x466 /Users/Lachlan/RIOT/examples/my_project/bin/arduino-uno/periph_common.a(pm.o)
 .debug_info    0x000000000000b62d      0x6e9 /Users/Lachlan/RIOT/examples/my_project/bin/arduino-uno/atmega_common.a(cpu.o)
 .debug_info    0x000000000000bd16      0x818 /Users/Lachlan/RIOT/examples/my_project/bin/arduino-uno/atmega_common.a(thread_arch.o)
 .debug_info    0x000000000000c52e      0x580 /Users/Lachlan/RIOT/examples/my_project/bin/arduino-uno/auto_init.a(auto_init.o)
 .debug_info    0x000000000000caae      0x69e /Users/Lachlan/RIOT/examples/my_project/bin/arduino-uno/avr_libc_extra.a(atmega_stdio.o)
 .debug_info    0x000000000000d14c      0x5ad /Users/Lachlan/RIOT/examples/my_project/bin/arduino-uno/boards_common_arduino-atmega.a(led_init.o)
 .debug_info    0x000000000000d6f9      0x821 /Users/Lachlan/RIOT/examples/my_project/bin/arduino-uno/core.a(mutex.o)
 .debug_info    0x000000000000df1a      0x792 /Users/Lachlan/RIOT/examples/my_project/bin/arduino-uno/stdio_uart.a(stdio_uart.o)
 .debug_info    0x000000000000e6ac       0x3c /Users/Lachlan/RIOT/examples/my_project/bin/arduino-uno/periph_common.a(init.o)
 .debug_info    0x000000000000e6e8      0xcd5 /Users/Lachlan/RIOT/examples/my_project/bin/arduino-uno/isrpipe.a(isrpipe.o)
 .debug_info    0x000000000000f3bd      0x458 /Users/Lachlan/RIOT/examples/my_project/bin/arduino-uno/tsrb.a(tsrb.o)
 .debug_info    0x000000000000f815       0x26 /usr/local/Cellar/avr-gcc/8.3.0/lib/avr-gcc/8/gcc/avr/8.3.0/avr5/libgcc.a(_udivmodsi4.o)
 .debug_info    0x000000000000f83b       0x26 /usr/local/Cellar/avr-gcc/8.3.0/lib/avr-gcc/8/gcc/avr/8.3.0/avr5/libgcc.a(_exit.o)
 .debug_info    0x000000000000f861       0x26 /usr/local/Cellar/avr-gcc/8.3.0/lib/avr-gcc/8/gcc/avr/8.3.0/avr5/libgcc.a(_copy_data.o)
 .debug_info    0x000000000000f887       0x26 /usr/local/Cellar/avr-gcc/8.3.0/lib/avr-gcc/8/gcc/avr/8.3.0/avr5/libgcc.a(_clear_bss.o)
 .debug_info    0x000000000000f8ad       0x26 /usr/local/Cellar/avr-gcc/8.3.0/lib/avr-gcc/8/gcc/avr/8.3.0/avr5/libgcc.a(_ctors.o)
 .debug_info    0x000000000000f8d3       0x26 /usr/local/Cellar/avr-gcc/8.3.0/lib/avr-gcc/8/gcc/avr/8.3.0/avr5/libgcc.a(_muluhisi3.o)
 .debug_info    0x000000000000f8f9       0x26 /usr/local/Cellar/avr-gcc/8.3.0/lib/avr-gcc/8/gcc/avr/8.3.0/avr5/libgcc.a(_tablejump2.o)
 .debug_info    0x000000000000f91f       0x26 /usr/local/Cellar/avr-gcc/8.3.0/lib/avr-gcc/8/gcc/avr/8.3.0/avr5/libgcc.a(_umulhisi3.o)
 .debug_info    0x000000000000f945       0x26 /usr/local/Cellar/avr-gcc/8.3.0/lib/avr-gcc/8/gcc/avr/8.3.0/avr5/libgcc.a(_prologue.o)
 .debug_info    0x000000000000f96b       0x26 /usr/local/Cellar/avr-gcc/8.3.0/lib/avr-gcc/8/gcc/avr/8.3.0/avr5/libgcc.a(_epilogue.o)

.debug_abbrev   0x0000000000000000     0x4dca
 *(.debug_abbrev)
 .debug_abbrev  0x0000000000000000      0x5a2 /usr/local/Cellar/avr-gcc/8.3.0/lib/avr-gcc/8/gcc/avr/8.3.0/../../../../../../avr/lib/avr5/crtatmega328p.o
 .debug_abbrev  0x00000000000005a2      0x1d2 /Users/Lachlan/RIOT/examples/my_project/bin/arduino-uno/atmega_common/startup.o
 .debug_abbrev  0x0000000000000774      0x399 /Users/Lachlan/RIOT/examples/my_project/bin/arduino-uno/application_arduino_hello-world.a(_sketches.o)
 .debug_abbrev  0x0000000000000b0d      0x494 /Users/Lachlan/RIOT/examples/my_project/bin/arduino-uno/arduino.a(base.o)
 .debug_abbrev  0x0000000000000fa1      0x412 /Users/Lachlan/RIOT/examples/my_project/bin/arduino-uno/arduino.a(serialport.o)
 .debug_abbrev  0x00000000000013b3      0x276 /Users/Lachlan/RIOT/examples/my_project/bin/arduino-uno/atmega_common.a(irq_arch.o)
 .debug_abbrev  0x0000000000001629      0x302 /Users/Lachlan/RIOT/examples/my_project/bin/arduino-uno/atmega_common_periph.a(gpio.o)
 .debug_abbrev  0x000000000000192b      0x31b /Users/Lachlan/RIOT/examples/my_project/bin/arduino-uno/atmega_common_periph.a(timer.o)
 .debug_abbrev  0x0000000000001c46      0x34f /Users/Lachlan/RIOT/examples/my_project/bin/arduino-uno/atmega_common_periph.a(uart.o)
 .debug_abbrev  0x0000000000001f95      0x1fe /Users/Lachlan/RIOT/examples/my_project/bin/arduino-uno/boards_common_atmega.a(board.o)
 .debug_abbrev  0x0000000000002193      0x219 /Users/Lachlan/RIOT/examples/my_project/bin/arduino-uno/core.a(kernel_init.o)
 .debug_abbrev  0x00000000000023ac      0x243 /Users/Lachlan/RIOT/examples/my_project/bin/arduino-uno/core.a(panic.o)
 .debug_abbrev  0x00000000000025ef      0x339 /Users/Lachlan/RIOT/examples/my_project/bin/arduino-uno/core.a(sched.o)
 .debug_abbrev  0x0000000000002928      0x316 /Users/Lachlan/RIOT/examples/my_project/bin/arduino-uno/core.a(thread.o)
 .debug_abbrev  0x0000000000002c3e      0x462 /Users/Lachlan/RIOT/examples/my_project/bin/arduino-uno/xtimer.a(xtimer.o)
 .debug_abbrev  0x00000000000030a0      0x5bc /Users/Lachlan/RIOT/examples/my_project/bin/arduino-uno/xtimer.a(xtimer_core.o)
 .debug_abbrev  0x000000000000365c      0x1aa /Users/Lachlan/RIOT/examples/my_project/bin/arduino-uno/periph_common.a(pm.o)
 .debug_abbrev  0x0000000000003806      0x280 /Users/Lachlan/RIOT/examples/my_project/bin/arduino-uno/atmega_common.a(cpu.o)
 .debug_abbrev  0x0000000000003a86      0x2db /Users/Lachlan/RIOT/examples/my_project/bin/arduino-uno/atmega_common.a(thread_arch.o)
 .debug_abbrev  0x0000000000003d61      0x1ad /Users/Lachlan/RIOT/examples/my_project/bin/arduino-uno/auto_init.a(auto_init.o)
 .debug_abbrev  0x0000000000003f0e      0x257 /Users/Lachlan/RIOT/examples/my_project/bin/arduino-uno/avr_libc_extra.a(atmega_stdio.o)
 .debug_abbrev  0x0000000000004165      0x1b6 /Users/Lachlan/RIOT/examples/my_project/bin/arduino-uno/boards_common_arduino-atmega.a(led_init.o)
 .debug_abbrev  0x000000000000431b      0x2af /Users/Lachlan/RIOT/examples/my_project/bin/arduino-uno/core.a(mutex.o)
 .debug_abbrev  0x00000000000045ca      0x23c /Users/Lachlan/RIOT/examples/my_project/bin/arduino-uno/stdio_uart.a(stdio_uart.o)
 .debug_abbrev  0x0000000000004806       0x31 /Users/Lachlan/RIOT/examples/my_project/bin/arduino-uno/periph_common.a(init.o)
 .debug_abbrev  0x0000000000004837      0x316 /Users/Lachlan/RIOT/examples/my_project/bin/arduino-uno/isrpipe.a(isrpipe.o)
 .debug_abbrev  0x0000000000004b4d      0x1b5 /Users/Lachlan/RIOT/examples/my_project/bin/arduino-uno/tsrb.a(tsrb.o)
 .debug_abbrev  0x0000000000004d02       0x14 /usr/local/Cellar/avr-gcc/8.3.0/lib/avr-gcc/8/gcc/avr/8.3.0/avr5/libgcc.a(_udivmodsi4.o)
 .debug_abbrev  0x0000000000004d16       0x14 /usr/local/Cellar/avr-gcc/8.3.0/lib/avr-gcc/8/gcc/avr/8.3.0/avr5/libgcc.a(_exit.o)
 .debug_abbrev  0x0000000000004d2a       0x14 /usr/local/Cellar/avr-gcc/8.3.0/lib/avr-gcc/8/gcc/avr/8.3.0/avr5/libgcc.a(_copy_data.o)
 .debug_abbrev  0x0000000000004d3e       0x14 /usr/local/Cellar/avr-gcc/8.3.0/lib/avr-gcc/8/gcc/avr/8.3.0/avr5/libgcc.a(_clear_bss.o)
 .debug_abbrev  0x0000000000004d52       0x14 /usr/local/Cellar/avr-gcc/8.3.0/lib/avr-gcc/8/gcc/avr/8.3.0/avr5/libgcc.a(_ctors.o)
 .debug_abbrev  0x0000000000004d66       0x14 /usr/local/Cellar/avr-gcc/8.3.0/lib/avr-gcc/8/gcc/avr/8.3.0/avr5/libgcc.a(_muluhisi3.o)
 .debug_abbrev  0x0000000000004d7a       0x14 /usr/local/Cellar/avr-gcc/8.3.0/lib/avr-gcc/8/gcc/avr/8.3.0/avr5/libgcc.a(_tablejump2.o)
 .debug_abbrev  0x0000000000004d8e       0x14 /usr/local/Cellar/avr-gcc/8.3.0/lib/avr-gcc/8/gcc/avr/8.3.0/avr5/libgcc.a(_umulhisi3.o)
 .debug_abbrev  0x0000000000004da2       0x14 /usr/local/Cellar/avr-gcc/8.3.0/lib/avr-gcc/8/gcc/avr/8.3.0/avr5/libgcc.a(_prologue.o)
 .debug_abbrev  0x0000000000004db6       0x14 /usr/local/Cellar/avr-gcc/8.3.0/lib/avr-gcc/8/gcc/avr/8.3.0/avr5/libgcc.a(_epilogue.o)

.debug_line     0x0000000000000000     0xeab0
 *(.debug_line .debug_line.* .debug_line_end)
 .debug_line    0x0000000000000000       0x1d /usr/local/Cellar/avr-gcc/8.3.0/lib/avr-gcc/8/gcc/avr/8.3.0/../../../../../../avr/lib/avr5/crtatmega328p.o
 .debug_line    0x000000000000001d      0x610 /Users/Lachlan/RIOT/examples/my_project/bin/arduino-uno/atmega_common/startup.o
 .debug_line    0x000000000000062d      0x783 /Users/Lachlan/RIOT/examples/my_project/bin/arduino-uno/application_arduino_hello-world.a(_sketches.o)
 .debug_line    0x0000000000000db0      0xa7a /Users/Lachlan/RIOT/examples/my_project/bin/arduino-uno/arduino.a(base.o)
 .debug_line    0x000000000000182a      0xd1b /Users/Lachlan/RIOT/examples/my_project/bin/arduino-uno/arduino.a(serialport.o)
 .debug_line    0x0000000000002545      0x53d /Users/Lachlan/RIOT/examples/my_project/bin/arduino-uno/atmega_common.a(irq_arch.o)
 .debug_line    0x0000000000002a82      0xad2 /Users/Lachlan/RIOT/examples/my_project/bin/arduino-uno/atmega_common_periph.a(gpio.o)
 .debug_line    0x0000000000003554      0xa17 /Users/Lachlan/RIOT/examples/my_project/bin/arduino-uno/atmega_common_periph.a(timer.o)
 .debug_line    0x0000000000003f6b      0x82b /Users/Lachlan/RIOT/examples/my_project/bin/arduino-uno/atmega_common_periph.a(uart.o)
 .debug_line    0x0000000000004796      0x616 /Users/Lachlan/RIOT/examples/my_project/bin/arduino-uno/boards_common_atmega.a(board.o)
 .debug_line    0x0000000000004dac      0x5b6 /Users/Lachlan/RIOT/examples/my_project/bin/arduino-uno/core.a(kernel_init.o)
 .debug_line    0x0000000000005362      0x5cf /Users/Lachlan/RIOT/examples/my_project/bin/arduino-uno/core.a(panic.o)
 .debug_line    0x0000000000005931      0x8df /Users/Lachlan/RIOT/examples/my_project/bin/arduino-uno/core.a(sched.o)
 .debug_line    0x0000000000006210      0xbee /Users/Lachlan/RIOT/examples/my_project/bin/arduino-uno/core.a(thread.o)
 .debug_line    0x0000000000006dfe     0x12c4 /Users/Lachlan/RIOT/examples/my_project/bin/arduino-uno/xtimer.a(xtimer.o)
 .debug_line    0x00000000000080c2     0x19cb /Users/Lachlan/RIOT/examples/my_project/bin/arduino-uno/xtimer.a(xtimer_core.o)
 .debug_line    0x0000000000009a8d      0x4f6 /Users/Lachlan/RIOT/examples/my_project/bin/arduino-uno/periph_common.a(pm.o)
 .debug_line    0x0000000000009f83      0x747 /Users/Lachlan/RIOT/examples/my_project/bin/arduino-uno/atmega_common.a(cpu.o)
 .debug_line    0x000000000000a6ca      0xa4f /Users/Lachlan/RIOT/examples/my_project/bin/arduino-uno/atmega_common.a(thread_arch.o)
 .debug_line    0x000000000000b119      0x697 /Users/Lachlan/RIOT/examples/my_project/bin/arduino-uno/auto_init.a(auto_init.o)
 .debug_line    0x000000000000b7b0      0x6df /Users/Lachlan/RIOT/examples/my_project/bin/arduino-uno/avr_libc_extra.a(atmega_stdio.o)
 .debug_line    0x000000000000be8f      0x5de /Users/Lachlan/RIOT/examples/my_project/bin/arduino-uno/boards_common_arduino-atmega.a(led_init.o)
 .debug_line    0x000000000000c46d      0x81f /Users/Lachlan/RIOT/examples/my_project/bin/arduino-uno/core.a(mutex.o)
 .debug_line    0x000000000000cc8c      0x6e2 /Users/Lachlan/RIOT/examples/my_project/bin/arduino-uno/stdio_uart.a(stdio_uart.o)
 .debug_line    0x000000000000d36e       0xba /Users/Lachlan/RIOT/examples/my_project/bin/arduino-uno/periph_common.a(init.o)
 .debug_line    0x000000000000d428      0xa34 /Users/Lachlan/RIOT/examples/my_project/bin/arduino-uno/isrpipe.a(isrpipe.o)
 .debug_line    0x000000000000de5c      0x578 /Users/Lachlan/RIOT/examples/my_project/bin/arduino-uno/tsrb.a(tsrb.o)
 .debug_line    0x000000000000e3d4      0x121 /usr/local/Cellar/avr-gcc/8.3.0/lib/avr-gcc/8/gcc/avr/8.3.0/avr5/libgcc.a(_udivmodsi4.o)
 .debug_line    0x000000000000e4f5       0x61 /usr/local/Cellar/avr-gcc/8.3.0/lib/avr-gcc/8/gcc/avr/8.3.0/avr5/libgcc.a(_exit.o)
 .debug_line    0x000000000000e556       0x97 /usr/local/Cellar/avr-gcc/8.3.0/lib/avr-gcc/8/gcc/avr/8.3.0/avr5/libgcc.a(_copy_data.o)
 .debug_line    0x000000000000e5ed       0x85 /usr/local/Cellar/avr-gcc/8.3.0/lib/avr-gcc/8/gcc/avr/8.3.0/avr5/libgcc.a(_clear_bss.o)
 .debug_line    0x000000000000e672       0x91 /usr/local/Cellar/avr-gcc/8.3.0/lib/avr-gcc/8/gcc/avr/8.3.0/avr5/libgcc.a(_ctors.o)
 .debug_line    0x000000000000e703       0x91 /usr/local/Cellar/avr-gcc/8.3.0/lib/avr-gcc/8/gcc/avr/8.3.0/avr5/libgcc.a(_muluhisi3.o)
 .debug_line    0x000000000000e794       0x79 /usr/local/Cellar/avr-gcc/8.3.0/lib/avr-gcc/8/gcc/avr/8.3.0/avr5/libgcc.a(_tablejump2.o)
 .debug_line    0x000000000000e80d       0xaf /usr/local/Cellar/avr-gcc/8.3.0/lib/avr-gcc/8/gcc/avr/8.3.0/avr5/libgcc.a(_umulhisi3.o)
 .debug_line    0x000000000000e8bc       0xfd /usr/local/Cellar/avr-gcc/8.3.0/lib/avr-gcc/8/gcc/avr/8.3.0/avr5/libgcc.a(_prologue.o)
 .debug_line    0x000000000000e9b9       0xf7 /usr/local/Cellar/avr-gcc/8.3.0/lib/avr-gcc/8/gcc/avr/8.3.0/avr5/libgcc.a(_epilogue.o)

.debug_frame    0x0000000000000000     0x14a4
 *(.debug_frame)
 .debug_frame   0x0000000000000000       0x44 /Users/Lachlan/RIOT/examples/my_project/bin/arduino-uno/atmega_common/startup.o
 .debug_frame   0x0000000000000044       0x6c /Users/Lachlan/RIOT/examples/my_project/bin/arduino-uno/application_arduino_hello-world.a(_sketches.o)
 .debug_frame   0x00000000000000b0       0xbc /Users/Lachlan/RIOT/examples/my_project/bin/arduino-uno/arduino.a(base.o)
 .debug_frame   0x000000000000016c      0x278 /Users/Lachlan/RIOT/examples/my_project/bin/arduino-uno/arduino.a(serialport.o)
 .debug_frame   0x00000000000003e4       0x60 /Users/Lachlan/RIOT/examples/my_project/bin/arduino-uno/atmega_common.a(irq_arch.o)
 .debug_frame   0x0000000000000444       0x7c /Users/Lachlan/RIOT/examples/my_project/bin/arduino-uno/atmega_common_periph.a(gpio.o)
 .debug_frame   0x00000000000004c0      0x168 /Users/Lachlan/RIOT/examples/my_project/bin/arduino-uno/atmega_common_periph.a(timer.o)
 .debug_frame   0x0000000000000628       0xc0 /Users/Lachlan/RIOT/examples/my_project/bin/arduino-uno/atmega_common_periph.a(uart.o)
 .debug_frame   0x00000000000006e8       0x24 /Users/Lachlan/RIOT/examples/my_project/bin/arduino-uno/boards_common_atmega.a(board.o)
 .debug_frame   0x000000000000070c       0x50 /Users/Lachlan/RIOT/examples/my_project/bin/arduino-uno/core.a(kernel_init.o)
 .debug_frame   0x000000000000075c       0x58 /Users/Lachlan/RIOT/examples/my_project/bin/arduino-uno/core.a(panic.o)
 .debug_frame   0x00000000000007b4       0x68 /Users/Lachlan/RIOT/examples/my_project/bin/arduino-uno/core.a(sched.o)
 .debug_frame   0x000000000000081c      0x124 /Users/Lachlan/RIOT/examples/my_project/bin/arduino-uno/core.a(thread.o)
 .debug_frame   0x0000000000000940      0x350 /Users/Lachlan/RIOT/examples/my_project/bin/arduino-uno/xtimer.a(xtimer.o)
 .debug_frame   0x0000000000000c90      0x2d0 /Users/Lachlan/RIOT/examples/my_project/bin/arduino-uno/xtimer.a(xtimer_core.o)
 .debug_frame   0x0000000000000f60       0x34 /Users/Lachlan/RIOT/examples/my_project/bin/arduino-uno/periph_common.a(pm.o)
 .debug_frame   0x0000000000000f94       0x60 /Users/Lachlan/RIOT/examples/my_project/bin/arduino-uno/atmega_common.a(cpu.o)
 .debug_frame   0x0000000000000ff4       0xcc /Users/Lachlan/RIOT/examples/my_project/bin/arduino-uno/atmega_common.a(thread_arch.o)
 .debug_frame   0x00000000000010c0       0x24 /Users/Lachlan/RIOT/examples/my_project/bin/arduino-uno/auto_init.a(auto_init.o)
 .debug_frame   0x00000000000010e4       0x64 /Users/Lachlan/RIOT/examples/my_project/bin/arduino-uno/avr_libc_extra.a(atmega_stdio.o)
 .debug_frame   0x0000000000001148       0x24 /Users/Lachlan/RIOT/examples/my_project/bin/arduino-uno/boards_common_arduino-atmega.a(led_init.o)
 .debug_frame   0x000000000000116c       0x98 /Users/Lachlan/RIOT/examples/my_project/bin/arduino-uno/core.a(mutex.o)
 .debug_frame   0x0000000000001204       0x5c /Users/Lachlan/RIOT/examples/my_project/bin/arduino-uno/stdio_uart.a(stdio_uart.o)
 .debug_frame   0x0000000000001260       0x24 /Users/Lachlan/RIOT/examples/my_project/bin/arduino-uno/periph_common.a(init.o)
 .debug_frame   0x0000000000001284      0x144 /Users/Lachlan/RIOT/examples/my_project/bin/arduino-uno/isrpipe.a(isrpipe.o)
 .debug_frame   0x00000000000013c8       0xdc /Users/Lachlan/RIOT/examples/my_project/bin/arduino-uno/tsrb.a(tsrb.o)

.debug_str      0x0000000000000000     0xe305
 *(.debug_str)
 .debug_str     0x0000000000000000      0x208 /usr/local/Cellar/avr-gcc/8.3.0/lib/avr-gcc/8/gcc/avr/8.3.0/../../../../../../avr/lib/avr5/crtatmega328p.o
 .debug_str     0x0000000000000208     0x96ab /Users/Lachlan/RIOT/examples/my_project/bin/arduino-uno/atmega_common/startup.o
                                       0x9948 (size before relaxing)
 .debug_str     0x00000000000098b3      0xe09 /Users/Lachlan/RIOT/examples/my_project/bin/arduino-uno/application_arduino_hello-world.a(_sketches.o)
                                       0xa24c (size before relaxing)
 .debug_str     0x000000000000a6bc      0x740 /Users/Lachlan/RIOT/examples/my_project/bin/arduino-uno/arduino.a(base.o)
                                       0xa8f8 (size before relaxing)
 .debug_str     0x000000000000adfc      0x31a /Users/Lachlan/RIOT/examples/my_project/bin/arduino-uno/arduino.a(serialport.o)
                                       0x9db9 (size before relaxing)
 .debug_str     0x000000000000b116       0xc8 /Users/Lachlan/RIOT/examples/my_project/bin/arduino-uno/atmega_common.a(irq_arch.o)
                                       0x8eda (size before relaxing)
 .debug_str     0x000000000000b1de      0x174 /Users/Lachlan/RIOT/examples/my_project/bin/arduino-uno/atmega_common_periph.a(gpio.o)
                                       0x9478 (size before relaxing)
 .debug_str     0x000000000000b352      0x2a5 /Users/Lachlan/RIOT/examples/my_project/bin/arduino-uno/atmega_common_periph.a(timer.o)
                                       0x9bc7 (size before relaxing)
 .debug_str     0x000000000000b5f7      0x14b /Users/Lachlan/RIOT/examples/my_project/bin/arduino-uno/atmega_common_periph.a(uart.o)
                                       0x94c7 (size before relaxing)
 .debug_str     0x000000000000b742      0x1dd /Users/Lachlan/RIOT/examples/my_project/bin/arduino-uno/boards_common_atmega.a(board.o)
                                       0x9a78 (size before relaxing)
 .debug_str     0x000000000000b91f      0x6f3 /Users/Lachlan/RIOT/examples/my_project/bin/arduino-uno/core.a(kernel_init.o)
                                       0x986c (size before relaxing)
 .debug_str     0x000000000000c012       0x9e /Users/Lachlan/RIOT/examples/my_project/bin/arduino-uno/core.a(panic.o)
                                       0x94a2 (size before relaxing)
 .debug_str     0x000000000000c0b0      0x1a3 /Users/Lachlan/RIOT/examples/my_project/bin/arduino-uno/core.a(sched.o)
                                       0x8e86 (size before relaxing)
 .debug_str     0x000000000000c253      0x194 /Users/Lachlan/RIOT/examples/my_project/bin/arduino-uno/core.a(thread.o)
                                       0x9243 (size before relaxing)
 .debug_str     0x000000000000c3e7      0x359 /Users/Lachlan/RIOT/examples/my_project/bin/arduino-uno/xtimer.a(xtimer.o)
                                       0xa3b9 (size before relaxing)
 .debug_str     0x000000000000c740      0x24a /Users/Lachlan/RIOT/examples/my_project/bin/arduino-uno/xtimer.a(xtimer_core.o)
                                       0xa2a0 (size before relaxing)
 .debug_str     0x000000000000c98a       0xa1 /Users/Lachlan/RIOT/examples/my_project/bin/arduino-uno/periph_common.a(pm.o)
                                       0x9211 (size before relaxing)
 .debug_str     0x000000000000ca2b      0xf8c /Users/Lachlan/RIOT/examples/my_project/bin/arduino-uno/atmega_common.a(cpu.o)
                                       0xaa4a (size before relaxing)
 .debug_str     0x000000000000d9b7      0x102 /Users/Lachlan/RIOT/examples/my_project/bin/arduino-uno/atmega_common.a(thread_arch.o)
                                       0x9a25 (size before relaxing)
 .debug_str     0x000000000000dab9       0x9e /Users/Lachlan/RIOT/examples/my_project/bin/arduino-uno/auto_init.a(auto_init.o)
                                       0x9db8 (size before relaxing)
 .debug_str     0x000000000000db57      0x1e4 /Users/Lachlan/RIOT/examples/my_project/bin/arduino-uno/avr_libc_extra.a(atmega_stdio.o)
                                       0x9a6c (size before relaxing)
 .debug_str     0x000000000000dd3b       0xc8 /Users/Lachlan/RIOT/examples/my_project/bin/arduino-uno/boards_common_arduino-atmega.a(led_init.o)
                                       0x9980 (size before relaxing)
 .debug_str     0x000000000000de03       0xa9 /Users/Lachlan/RIOT/examples/my_project/bin/arduino-uno/core.a(mutex.o)
                                       0x8d0b (size before relaxing)
 .debug_str     0x000000000000deac      0x17c /Users/Lachlan/RIOT/examples/my_project/bin/arduino-uno/stdio_uart.a(stdio_uart.o)
                                       0x9d07 (size before relaxing)
 .debug_str     0x000000000000e028       0x7d /Users/Lachlan/RIOT/examples/my_project/bin/arduino-uno/periph_common.a(init.o)
                                       0x317a (size before relaxing)
 .debug_str     0x000000000000e0a5      0x11d /Users/Lachlan/RIOT/examples/my_project/bin/arduino-uno/isrpipe.a(isrpipe.o)
                                       0xa335 (size before relaxing)
 .debug_str     0x000000000000e1c2       0xc0 /Users/Lachlan/RIOT/examples/my_project/bin/arduino-uno/tsrb.a(tsrb.o)
                                       0x37a0 (size before relaxing)
 .debug_str     0x000000000000e282       0x83 /usr/local/Cellar/avr-gcc/8.3.0/lib/avr-gcc/8/gcc/avr/8.3.0/avr5/libgcc.a(_udivmodsi4.o)
 .debug_str     0x000000000000e305       0x83 /usr/local/Cellar/avr-gcc/8.3.0/lib/avr-gcc/8/gcc/avr/8.3.0/avr5/libgcc.a(_exit.o)
 .debug_str     0x000000000000e305       0x83 /usr/local/Cellar/avr-gcc/8.3.0/lib/avr-gcc/8/gcc/avr/8.3.0/avr5/libgcc.a(_copy_data.o)
 .debug_str     0x000000000000e305       0x83 /usr/local/Cellar/avr-gcc/8.3.0/lib/avr-gcc/8/gcc/avr/8.3.0/avr5/libgcc.a(_clear_bss.o)
 .debug_str     0x000000000000e305       0x83 /usr/local/Cellar/avr-gcc/8.3.0/lib/avr-gcc/8/gcc/avr/8.3.0/avr5/libgcc.a(_ctors.o)
 .debug_str     0x000000000000e305       0x83 /usr/local/Cellar/avr-gcc/8.3.0/lib/avr-gcc/8/gcc/avr/8.3.0/avr5/libgcc.a(_muluhisi3.o)
 .debug_str     0x000000000000e305       0x83 /usr/local/Cellar/avr-gcc/8.3.0/lib/avr-gcc/8/gcc/avr/8.3.0/avr5/libgcc.a(_tablejump2.o)
 .debug_str     0x000000000000e305       0x83 /usr/local/Cellar/avr-gcc/8.3.0/lib/avr-gcc/8/gcc/avr/8.3.0/avr5/libgcc.a(_umulhisi3.o)
 .debug_str     0x000000000000e305       0x83 /usr/local/Cellar/avr-gcc/8.3.0/lib/avr-gcc/8/gcc/avr/8.3.0/avr5/libgcc.a(_prologue.o)
 .debug_str     0x000000000000e305       0x83 /usr/local/Cellar/avr-gcc/8.3.0/lib/avr-gcc/8/gcc/avr/8.3.0/avr5/libgcc.a(_epilogue.o)

.debug_loc      0x0000000000000000     0x56d9
 *(.debug_loc)
 .debug_loc     0x0000000000000000      0x3f5 /Users/Lachlan/RIOT/examples/my_project/bin/arduino-uno/arduino.a(base.o)
 .debug_loc     0x00000000000003f5      0xb65 /Users/Lachlan/RIOT/examples/my_project/bin/arduino-uno/arduino.a(serialport.o)
 .debug_loc     0x0000000000000f5a       0x66 /Users/Lachlan/RIOT/examples/my_project/bin/arduino-uno/atmega_common.a(irq_arch.o)
 .debug_loc     0x0000000000000fc0      0x747 /Users/Lachlan/RIOT/examples/my_project/bin/arduino-uno/atmega_common_periph.a(gpio.o)
 .debug_loc     0x0000000000001707      0x267 /Users/Lachlan/RIOT/examples/my_project/bin/arduino-uno/atmega_common_periph.a(timer.o)
 .debug_loc     0x000000000000196e      0x265 /Users/Lachlan/RIOT/examples/my_project/bin/arduino-uno/atmega_common_periph.a(uart.o)
 .debug_loc     0x0000000000001bd3       0x16 /Users/Lachlan/RIOT/examples/my_project/bin/arduino-uno/boards_common_atmega.a(board.o)
 .debug_loc     0x0000000000001be9       0x42 /Users/Lachlan/RIOT/examples/my_project/bin/arduino-uno/core.a(kernel_init.o)
 .debug_loc     0x0000000000001c2b       0xf3 /Users/Lachlan/RIOT/examples/my_project/bin/arduino-uno/core.a(panic.o)
 .debug_loc     0x0000000000001d1e      0x2f0 /Users/Lachlan/RIOT/examples/my_project/bin/arduino-uno/core.a(sched.o)
 .debug_loc     0x000000000000200e      0x7c1 /Users/Lachlan/RIOT/examples/my_project/bin/arduino-uno/core.a(thread.o)
 .debug_loc     0x00000000000027cf      0xcc0 /Users/Lachlan/RIOT/examples/my_project/bin/arduino-uno/xtimer.a(xtimer.o)
 .debug_loc     0x000000000000348f      0xeea /Users/Lachlan/RIOT/examples/my_project/bin/arduino-uno/xtimer.a(xtimer_core.o)
 .debug_loc     0x0000000000004379      0x240 /Users/Lachlan/RIOT/examples/my_project/bin/arduino-uno/atmega_common.a(thread_arch.o)
 .debug_loc     0x00000000000045b9       0x77 /Users/Lachlan/RIOT/examples/my_project/bin/arduino-uno/avr_libc_extra.a(atmega_stdio.o)
 .debug_loc     0x0000000000004630      0x3cc /Users/Lachlan/RIOT/examples/my_project/bin/arduino-uno/core.a(mutex.o)
 .debug_loc     0x00000000000049fc      0x104 /Users/Lachlan/RIOT/examples/my_project/bin/arduino-uno/stdio_uart.a(stdio_uart.o)
 .debug_loc     0x0000000000004b00      0x735 /Users/Lachlan/RIOT/examples/my_project/bin/arduino-uno/isrpipe.a(isrpipe.o)
 .debug_loc     0x0000000000005235      0x4a4 /Users/Lachlan/RIOT/examples/my_project/bin/arduino-uno/tsrb.a(tsrb.o)

.debug_macinfo
 *(.debug_macinfo)

.debug_weaknames
 *(.debug_weaknames)

.debug_funcnames
 *(.debug_funcnames)

.debug_typenames
 *(.debug_typenames)

.debug_varnames
 *(.debug_varnames)

.debug_pubtypes
 *(.debug_pubtypes)

.debug_ranges   0x0000000000000000      0xb58
 *(.debug_ranges)
 .debug_ranges  0x0000000000000000       0x20 /Users/Lachlan/RIOT/examples/my_project/bin/arduino-uno/atmega_common/startup.o
 .debug_ranges  0x0000000000000020       0x30 /Users/Lachlan/RIOT/examples/my_project/bin/arduino-uno/application_arduino_hello-world.a(_sketches.o)
 .debug_ranges  0x0000000000000050      0x148 /Users/Lachlan/RIOT/examples/my_project/bin/arduino-uno/arduino.a(base.o)
 .debug_ranges  0x0000000000000198       0xc8 /Users/Lachlan/RIOT/examples/my_project/bin/arduino-uno/arduino.a(serialport.o)
 .debug_ranges  0x0000000000000260       0x40 /Users/Lachlan/RIOT/examples/my_project/bin/arduino-uno/atmega_common.a(irq_arch.o)
 .debug_ranges  0x00000000000002a0      0x128 /Users/Lachlan/RIOT/examples/my_project/bin/arduino-uno/atmega_common_periph.a(gpio.o)
 .debug_ranges  0x00000000000003c8       0x50 /Users/Lachlan/RIOT/examples/my_project/bin/arduino-uno/atmega_common_periph.a(timer.o)
 .debug_ranges  0x0000000000000418       0x40 /Users/Lachlan/RIOT/examples/my_project/bin/arduino-uno/atmega_common_periph.a(uart.o)
 .debug_ranges  0x0000000000000458       0x10 /Users/Lachlan/RIOT/examples/my_project/bin/arduino-uno/boards_common_atmega.a(board.o)
 .debug_ranges  0x0000000000000468       0x20 /Users/Lachlan/RIOT/examples/my_project/bin/arduino-uno/core.a(kernel_init.o)
 .debug_ranges  0x0000000000000488       0x18 /Users/Lachlan/RIOT/examples/my_project/bin/arduino-uno/core.a(panic.o)
 .debug_ranges  0x00000000000004a0       0x88 /Users/Lachlan/RIOT/examples/my_project/bin/arduino-uno/core.a(sched.o)
 .debug_ranges  0x0000000000000528       0x80 /Users/Lachlan/RIOT/examples/my_project/bin/arduino-uno/core.a(thread.o)
 .debug_ranges  0x00000000000005a8      0x138 /Users/Lachlan/RIOT/examples/my_project/bin/arduino-uno/xtimer.a(xtimer.o)
 .debug_ranges  0x00000000000006e0      0x2a0 /Users/Lachlan/RIOT/examples/my_project/bin/arduino-uno/xtimer.a(xtimer_core.o)
 .debug_ranges  0x0000000000000980       0x18 /Users/Lachlan/RIOT/examples/my_project/bin/arduino-uno/periph_common.a(pm.o)
 .debug_ranges  0x0000000000000998       0x58 /Users/Lachlan/RIOT/examples/my_project/bin/arduino-uno/atmega_common.a(cpu.o)
 .debug_ranges  0x00000000000009f0       0x38 /Users/Lachlan/RIOT/examples/my_project/bin/arduino-uno/atmega_common.a(thread_arch.o)
 .debug_ranges  0x0000000000000a28       0x10 /Users/Lachlan/RIOT/examples/my_project/bin/arduino-uno/auto_init.a(auto_init.o)
 .debug_ranges  0x0000000000000a38       0x20 /Users/Lachlan/RIOT/examples/my_project/bin/arduino-uno/avr_libc_extra.a(atmega_stdio.o)
 .debug_ranges  0x0000000000000a58       0x10 /Users/Lachlan/RIOT/examples/my_project/bin/arduino-uno/boards_common_arduino-atmega.a(led_init.o)
 .debug_ranges  0x0000000000000a68       0x50 /Users/Lachlan/RIOT/examples/my_project/bin/arduino-uno/core.a(mutex.o)
 .debug_ranges  0x0000000000000ab8       0x20 /Users/Lachlan/RIOT/examples/my_project/bin/arduino-uno/stdio_uart.a(stdio_uart.o)
 .debug_ranges  0x0000000000000ad8       0x10 /Users/Lachlan/RIOT/examples/my_project/bin/arduino-uno/periph_common.a(init.o)
 .debug_ranges  0x0000000000000ae8       0x38 /Users/Lachlan/RIOT/examples/my_project/bin/arduino-uno/isrpipe.a(isrpipe.o)
 .debug_ranges  0x0000000000000b20       0x38 /Users/Lachlan/RIOT/examples/my_project/bin/arduino-uno/tsrb.a(tsrb.o)

.debug_macro    0x0000000000000000    0x197ed
 *(.debug_macro)
 .debug_macro   0x0000000000000000      0x260 /Users/Lachlan/RIOT/examples/my_project/bin/arduino-uno/atmega_common/startup.o
 .debug_macro   0x0000000000000260      0xb20 /Users/Lachlan/RIOT/examples/my_project/bin/arduino-uno/atmega_common/startup.o
 .debug_macro   0x0000000000000d80       0xbe /Users/Lachlan/RIOT/examples/my_project/bin/arduino-uno/atmega_common/startup.o
 .debug_macro   0x0000000000000e3e      0x1c9 /Users/Lachlan/RIOT/examples/my_project/bin/arduino-uno/atmega_common/startup.o
 .debug_macro   0x0000000000001007       0x10 /Users/Lachlan/RIOT/examples/my_project/bin/arduino-uno/atmega_common/startup.o
 .debug_macro   0x0000000000001017      0x302 /Users/Lachlan/RIOT/examples/my_project/bin/arduino-uno/atmega_common/startup.o
 .debug_macro   0x0000000000001319       0x1c /Users/Lachlan/RIOT/examples/my_project/bin/arduino-uno/atmega_common/startup.o
 .debug_macro   0x0000000000001335       0x9e /Users/Lachlan/RIOT/examples/my_project/bin/arduino-uno/atmega_common/startup.o
 .debug_macro   0x00000000000013d3     0x1410 /Users/Lachlan/RIOT/examples/my_project/bin/arduino-uno/atmega_common/startup.o
 .debug_macro   0x00000000000027e3      0x13a /Users/Lachlan/RIOT/examples/my_project/bin/arduino-uno/atmega_common/startup.o
 .debug_macro   0x000000000000291d       0xbd /Users/Lachlan/RIOT/examples/my_project/bin/arduino-uno/atmega_common/startup.o
 .debug_macro   0x00000000000029da       0x34 /Users/Lachlan/RIOT/examples/my_project/bin/arduino-uno/atmega_common/startup.o
 .debug_macro   0x0000000000002a0e       0x18 /Users/Lachlan/RIOT/examples/my_project/bin/arduino-uno/atmega_common/startup.o
 .debug_macro   0x0000000000002a26       0x6c /Users/Lachlan/RIOT/examples/my_project/bin/arduino-uno/atmega_common/startup.o
 .debug_macro   0x0000000000002a92       0x63 /Users/Lachlan/RIOT/examples/my_project/bin/arduino-uno/atmega_common/startup.o
 .debug_macro   0x0000000000002af5       0x58 /Users/Lachlan/RIOT/examples/my_project/bin/arduino-uno/atmega_common/startup.o
 .debug_macro   0x0000000000002b4d       0x10 /Users/Lachlan/RIOT/examples/my_project/bin/arduino-uno/atmega_common/startup.o
 .debug_macro   0x0000000000002b5d       0x97 /Users/Lachlan/RIOT/examples/my_project/bin/arduino-uno/atmega_common/startup.o
 .debug_macro   0x0000000000002bf4       0xf2 /Users/Lachlan/RIOT/examples/my_project/bin/arduino-uno/atmega_common/startup.o
 .debug_macro   0x0000000000002ce6       0x81 /Users/Lachlan/RIOT/examples/my_project/bin/arduino-uno/atmega_common/startup.o
 .debug_macro   0x0000000000002d67       0x40 /Users/Lachlan/RIOT/examples/my_project/bin/arduino-uno/atmega_common/startup.o
 .debug_macro   0x0000000000002da7       0x1c /Users/Lachlan/RIOT/examples/my_project/bin/arduino-uno/atmega_common/startup.o
 .debug_macro   0x0000000000002dc3       0xf6 /Users/Lachlan/RIOT/examples/my_project/bin/arduino-uno/atmega_common/startup.o
 .debug_macro   0x0000000000002eb9       0x2f /Users/Lachlan/RIOT/examples/my_project/bin/arduino-uno/atmega_common/startup.o
 .debug_macro   0x0000000000002ee8       0xd6 /Users/Lachlan/RIOT/examples/my_project/bin/arduino-uno/atmega_common/startup.o
 .debug_macro   0x0000000000002fbe       0xe8 /Users/Lachlan/RIOT/examples/my_project/bin/arduino-uno/atmega_common/startup.o
 .debug_macro   0x00000000000030a6       0x28 /Users/Lachlan/RIOT/examples/my_project/bin/arduino-uno/atmega_common/startup.o
 .debug_macro   0x00000000000030ce       0x17 /Users/Lachlan/RIOT/examples/my_project/bin/arduino-uno/atmega_common/startup.o
 .debug_macro   0x00000000000030e5       0x10 /Users/Lachlan/RIOT/examples/my_project/bin/arduino-uno/atmega_common/startup.o
 .debug_macro   0x00000000000030f5       0x22 /Users/Lachlan/RIOT/examples/my_project/bin/arduino-uno/atmega_common/startup.o
 .debug_macro   0x0000000000003117       0x5f /Users/Lachlan/RIOT/examples/my_project/bin/arduino-uno/atmega_common/startup.o
 .debug_macro   0x0000000000003176       0x1c /Users/Lachlan/RIOT/examples/my_project/bin/arduino-uno/atmega_common/startup.o
 .debug_macro   0x0000000000003192       0x53 /Users/Lachlan/RIOT/examples/my_project/bin/arduino-uno/atmega_common/startup.o
 .debug_macro   0x00000000000031e5       0x22 /Users/Lachlan/RIOT/examples/my_project/bin/arduino-uno/atmega_common/startup.o
 .debug_macro   0x0000000000003207       0x84 /Users/Lachlan/RIOT/examples/my_project/bin/arduino-uno/atmega_common/startup.o
 .debug_macro   0x000000000000328b       0x16 /Users/Lachlan/RIOT/examples/my_project/bin/arduino-uno/atmega_common/startup.o
 .debug_macro   0x00000000000032a1       0xd8 /Users/Lachlan/RIOT/examples/my_project/bin/arduino-uno/atmega_common/startup.o
 .debug_macro   0x0000000000003379       0x52 /Users/Lachlan/RIOT/examples/my_project/bin/arduino-uno/atmega_common/startup.o
 .debug_macro   0x00000000000033cb      0x2bd /Users/Lachlan/RIOT/examples/my_project/bin/arduino-uno/application_arduino_hello-world.a(_sketches.o)
 .debug_macro   0x0000000000003688      0xbf2 /Users/Lachlan/RIOT/examples/my_project/bin/arduino-uno/application_arduino_hello-world.a(_sketches.o)
 .debug_macro   0x000000000000427a       0xe8 /Users/Lachlan/RIOT/examples/my_project/bin/arduino-uno/application_arduino_hello-world.a(_sketches.o)
 .debug_macro   0x0000000000004362       0x1c /Users/Lachlan/RIOT/examples/my_project/bin/arduino-uno/application_arduino_hello-world.a(_sketches.o)
 .debug_macro   0x000000000000437e      0x2fc /Users/Lachlan/RIOT/examples/my_project/bin/arduino-uno/application_arduino_hello-world.a(_sketches.o)
 .debug_macro   0x000000000000467a       0x97 /Users/Lachlan/RIOT/examples/my_project/bin/arduino-uno/application_arduino_hello-world.a(_sketches.o)
 .debug_macro   0x0000000000004711       0xaa /Users/Lachlan/RIOT/examples/my_project/bin/arduino-uno/application_arduino_hello-world.a(_sketches.o)
 .debug_macro   0x00000000000047bb       0x63 /Users/Lachlan/RIOT/examples/my_project/bin/arduino-uno/application_arduino_hello-world.a(_sketches.o)
 .debug_macro   0x000000000000481e      0x104 /Users/Lachlan/RIOT/examples/my_project/bin/arduino-uno/application_arduino_hello-world.a(_sketches.o)
 .debug_macro   0x0000000000004922       0x16 /Users/Lachlan/RIOT/examples/my_project/bin/arduino-uno/application_arduino_hello-world.a(_sketches.o)
 .debug_macro   0x0000000000004938       0x10 /Users/Lachlan/RIOT/examples/my_project/bin/arduino-uno/application_arduino_hello-world.a(_sketches.o)
 .debug_macro   0x0000000000004948       0x10 /Users/Lachlan/RIOT/examples/my_project/bin/arduino-uno/application_arduino_hello-world.a(_sketches.o)
 .debug_macro   0x0000000000004958      0x329 /Users/Lachlan/RIOT/examples/my_project/bin/arduino-uno/arduino.a(base.o)
 .debug_macro   0x0000000000004c81      0xbf2 /Users/Lachlan/RIOT/examples/my_project/bin/arduino-uno/arduino.a(base.o)
 .debug_macro   0x0000000000005873       0x2e /Users/Lachlan/RIOT/examples/my_project/bin/arduino-uno/arduino.a(base.o)
 .debug_macro   0x00000000000058a1      0x17b /Users/Lachlan/RIOT/examples/my_project/bin/arduino-uno/arduino.a(base.o)
 .debug_macro   0x0000000000005a1c       0x16 /Users/Lachlan/RIOT/examples/my_project/bin/arduino-uno/arduino.a(base.o)
 .debug_macro   0x0000000000005a32       0x35 /Users/Lachlan/RIOT/examples/my_project/bin/arduino-uno/arduino.a(base.o)
 .debug_macro   0x0000000000005a67       0x43 /Users/Lachlan/RIOT/examples/my_project/bin/arduino-uno/arduino.a(base.o)
 .debug_macro   0x0000000000005aaa       0x16 /Users/Lachlan/RIOT/examples/my_project/bin/arduino-uno/arduino.a(base.o)
 .debug_macro   0x0000000000005ac0       0x10 /Users/Lachlan/RIOT/examples/my_project/bin/arduino-uno/arduino.a(base.o)
 .debug_macro   0x0000000000005ad0       0x10 /Users/Lachlan/RIOT/examples/my_project/bin/arduino-uno/arduino.a(base.o)
 .debug_macro   0x0000000000005ae0       0x10 /Users/Lachlan/RIOT/examples/my_project/bin/arduino-uno/arduino.a(base.o)
 .debug_macro   0x0000000000005af0      0x265 /Users/Lachlan/RIOT/examples/my_project/bin/arduino-uno/arduino.a(serialport.o)
 .debug_macro   0x0000000000005d55      0xbf2 /Users/Lachlan/RIOT/examples/my_project/bin/arduino-uno/arduino.a(serialport.o)
 .debug_macro   0x0000000000006947       0x16 /Users/Lachlan/RIOT/examples/my_project/bin/arduino-uno/arduino.a(serialport.o)
 .debug_macro   0x000000000000695d       0x16 /Users/Lachlan/RIOT/examples/my_project/bin/arduino-uno/arduino.a(serialport.o)
 .debug_macro   0x0000000000006973       0x20 /Users/Lachlan/RIOT/examples/my_project/bin/arduino-uno/arduino.a(serialport.o)
 .debug_macro   0x0000000000006993       0x12 /Users/Lachlan/RIOT/examples/my_project/bin/arduino-uno/arduino.a(serialport.o)
 .debug_macro   0x00000000000069a5      0x1e1 /Users/Lachlan/RIOT/examples/my_project/bin/arduino-uno/atmega_common.a(irq_arch.o)
 .debug_macro   0x0000000000006b86      0xb20 /Users/Lachlan/RIOT/examples/my_project/bin/arduino-uno/atmega_common.a(irq_arch.o)
 .debug_macro   0x00000000000076a6      0x248 /Users/Lachlan/RIOT/examples/my_project/bin/arduino-uno/atmega_common_periph.a(gpio.o)
 .debug_macro   0x00000000000078ee      0xb20 /Users/Lachlan/RIOT/examples/my_project/bin/arduino-uno/atmega_common_periph.a(gpio.o)
 .debug_macro   0x000000000000840e      0x29e /Users/Lachlan/RIOT/examples/my_project/bin/arduino-uno/atmega_common_periph.a(timer.o)
 .debug_macro   0x00000000000086ac      0xb20 /Users/Lachlan/RIOT/examples/my_project/bin/arduino-uno/atmega_common_periph.a(timer.o)
 .debug_macro   0x00000000000091cc       0x1c /Users/Lachlan/RIOT/examples/my_project/bin/arduino-uno/atmega_common_periph.a(timer.o)
 .debug_macro   0x00000000000091e8      0x249 /Users/Lachlan/RIOT/examples/my_project/bin/arduino-uno/atmega_common_periph.a(uart.o)
 .debug_macro   0x0000000000009431      0xb20 /Users/Lachlan/RIOT/examples/my_project/bin/arduino-uno/atmega_common_periph.a(uart.o)
 .debug_macro   0x0000000000009f51      0x261 /Users/Lachlan/RIOT/examples/my_project/bin/arduino-uno/boards_common_atmega.a(board.o)
 .debug_macro   0x000000000000a1b2      0xb20 /Users/Lachlan/RIOT/examples/my_project/bin/arduino-uno/boards_common_atmega.a(board.o)
 .debug_macro   0x000000000000acd2      0x250 /Users/Lachlan/RIOT/examples/my_project/bin/arduino-uno/core.a(kernel_init.o)
 .debug_macro   0x000000000000af22      0xb20 /Users/Lachlan/RIOT/examples/my_project/bin/arduino-uno/core.a(kernel_init.o)
 .debug_macro   0x000000000000ba42      0x207 /Users/Lachlan/RIOT/examples/my_project/bin/arduino-uno/core.a(kernel_init.o)
 .debug_macro   0x000000000000bc49      0x16d /Users/Lachlan/RIOT/examples/my_project/bin/arduino-uno/core.a(kernel_init.o)
 .debug_macro   0x000000000000bdb6       0xdc /Users/Lachlan/RIOT/examples/my_project/bin/arduino-uno/core.a(kernel_init.o)
 .debug_macro   0x000000000000be92       0x2e /Users/Lachlan/RIOT/examples/my_project/bin/arduino-uno/core.a(kernel_init.o)
 .debug_macro   0x000000000000bec0       0x35 /Users/Lachlan/RIOT/examples/my_project/bin/arduino-uno/core.a(kernel_init.o)
 .debug_macro   0x000000000000bef5       0x69 /Users/Lachlan/RIOT/examples/my_project/bin/arduino-uno/core.a(kernel_init.o)
 .debug_macro   0x000000000000bf5e      0x249 /Users/Lachlan/RIOT/examples/my_project/bin/arduino-uno/core.a(panic.o)
 .debug_macro   0x000000000000c1a7      0xb20 /Users/Lachlan/RIOT/examples/my_project/bin/arduino-uno/core.a(panic.o)
 .debug_macro   0x000000000000ccc7       0x20 /Users/Lachlan/RIOT/examples/my_project/bin/arduino-uno/core.a(panic.o)
 .debug_macro   0x000000000000cce7       0x34 /Users/Lachlan/RIOT/examples/my_project/bin/arduino-uno/core.a(panic.o)
 .debug_macro   0x000000000000cd1b      0x1fa /Users/Lachlan/RIOT/examples/my_project/bin/arduino-uno/core.a(sched.o)
 .debug_macro   0x000000000000cf15      0xb20 /Users/Lachlan/RIOT/examples/my_project/bin/arduino-uno/core.a(sched.o)
 .debug_macro   0x000000000000da35      0x1f4 /Users/Lachlan/RIOT/examples/my_project/bin/arduino-uno/core.a(thread.o)
 .debug_macro   0x000000000000dc29      0xb20 /Users/Lachlan/RIOT/examples/my_project/bin/arduino-uno/core.a(thread.o)
 .debug_macro   0x000000000000e749      0x30a /Users/Lachlan/RIOT/examples/my_project/bin/arduino-uno/xtimer.a(xtimer.o)
 .debug_macro   0x000000000000ea53      0xb20 /Users/Lachlan/RIOT/examples/my_project/bin/arduino-uno/xtimer.a(xtimer.o)
 .debug_macro   0x000000000000f573       0x1c /Users/Lachlan/RIOT/examples/my_project/bin/arduino-uno/xtimer.a(xtimer.o)
 .debug_macro   0x000000000000f58f      0x2fb /Users/Lachlan/RIOT/examples/my_project/bin/arduino-uno/xtimer.a(xtimer_core.o)
 .debug_macro   0x000000000000f88a      0xb20 /Users/Lachlan/RIOT/examples/my_project/bin/arduino-uno/xtimer.a(xtimer_core.o)
 .debug_macro   0x00000000000103aa       0x34 /Users/Lachlan/RIOT/examples/my_project/bin/arduino-uno/xtimer.a(xtimer_core.o)
 .debug_macro   0x00000000000103de       0x16 /Users/Lachlan/RIOT/examples/my_project/bin/arduino-uno/xtimer.a(xtimer_core.o)
 .debug_macro   0x00000000000103f4      0x22c /Users/Lachlan/RIOT/examples/my_project/bin/arduino-uno/periph_common.a(pm.o)
 .debug_macro   0x0000000000010620      0xb20 /Users/Lachlan/RIOT/examples/my_project/bin/arduino-uno/periph_common.a(pm.o)
 .debug_macro   0x0000000000011140      0x2a7 /Users/Lachlan/RIOT/examples/my_project/bin/arduino-uno/atmega_common.a(cpu.o)
 .debug_macro   0x00000000000113e7      0xb20 /Users/Lachlan/RIOT/examples/my_project/bin/arduino-uno/atmega_common.a(cpu.o)
 .debug_macro   0x0000000000011f07       0x68 /Users/Lachlan/RIOT/examples/my_project/bin/arduino-uno/atmega_common.a(cpu.o)
 .debug_macro   0x0000000000011f6f       0x10 /Users/Lachlan/RIOT/examples/my_project/bin/arduino-uno/atmega_common.a(cpu.o)
 .debug_macro   0x0000000000011f7f       0x89 /Users/Lachlan/RIOT/examples/my_project/bin/arduino-uno/atmega_common.a(cpu.o)
 .debug_macro   0x0000000000012008       0xd2 /Users/Lachlan/RIOT/examples/my_project/bin/arduino-uno/atmega_common.a(cpu.o)
 .debug_macro   0x00000000000120da      0x256 /Users/Lachlan/RIOT/examples/my_project/bin/arduino-uno/atmega_common.a(thread_arch.o)
 .debug_macro   0x0000000000012330      0xb20 /Users/Lachlan/RIOT/examples/my_project/bin/arduino-uno/atmega_common.a(thread_arch.o)
 .debug_macro   0x0000000000012e50      0x2f5 /Users/Lachlan/RIOT/examples/my_project/bin/arduino-uno/auto_init.a(auto_init.o)
 .debug_macro   0x0000000000013145      0xb20 /Users/Lachlan/RIOT/examples/my_project/bin/arduino-uno/auto_init.a(auto_init.o)
 .debug_macro   0x0000000000013c65      0x287 /Users/Lachlan/RIOT/examples/my_project/bin/arduino-uno/avr_libc_extra.a(atmega_stdio.o)
 .debug_macro   0x0000000000013eec      0xb20 /Users/Lachlan/RIOT/examples/my_project/bin/arduino-uno/avr_libc_extra.a(atmega_stdio.o)
 .debug_macro   0x0000000000014a0c       0x40 /Users/Lachlan/RIOT/examples/my_project/bin/arduino-uno/avr_libc_extra.a(atmega_stdio.o)
 .debug_macro   0x0000000000014a4c       0x10 /Users/Lachlan/RIOT/examples/my_project/bin/arduino-uno/avr_libc_extra.a(atmega_stdio.o)
 .debug_macro   0x0000000000014a5c      0x261 /Users/Lachlan/RIOT/examples/my_project/bin/arduino-uno/boards_common_arduino-atmega.a(led_init.o)
 .debug_macro   0x0000000000014cbd      0xb20 /Users/Lachlan/RIOT/examples/my_project/bin/arduino-uno/boards_common_arduino-atmega.a(led_init.o)
 .debug_macro   0x00000000000157dd      0x1fa /Users/Lachlan/RIOT/examples/my_project/bin/arduino-uno/core.a(mutex.o)
 .debug_macro   0x00000000000159d7      0xb20 /Users/Lachlan/RIOT/examples/my_project/bin/arduino-uno/core.a(mutex.o)
 .debug_macro   0x00000000000164f7      0x2fe /Users/Lachlan/RIOT/examples/my_project/bin/arduino-uno/stdio_uart.a(stdio_uart.o)
 .debug_macro   0x00000000000167f5      0xb20 /Users/Lachlan/RIOT/examples/my_project/bin/arduino-uno/stdio_uart.a(stdio_uart.o)
 .debug_macro   0x0000000000017315       0x1a /Users/Lachlan/RIOT/examples/my_project/bin/arduino-uno/periph_common.a(init.o)
 .debug_macro   0x000000000001732f      0xb20 /Users/Lachlan/RIOT/examples/my_project/bin/arduino-uno/periph_common.a(init.o)
 .debug_macro   0x0000000000017e4f      0x2ff /Users/Lachlan/RIOT/examples/my_project/bin/arduino-uno/isrpipe.a(isrpipe.o)
 .debug_macro   0x000000000001814e      0xb20 /Users/Lachlan/RIOT/examples/my_project/bin/arduino-uno/isrpipe.a(isrpipe.o)
 .debug_macro   0x0000000000018c6e       0x5f /Users/Lachlan/RIOT/examples/my_project/bin/arduino-uno/tsrb.a(tsrb.o)
 .debug_macro   0x0000000000018ccd      0xb20 /Users/Lachlan/RIOT/examples/my_project/bin/arduino-uno/tsrb.a(tsrb.o)

.debug_addr
 *(.debug_addr)
OUTPUT(/Users/Lachlan/RIOT/examples/my_project/bin/arduino-uno/arduino_hello-world.elf elf32-avr)
LOAD linker stubs